Component: ARM Compiler 5.06 update 1 (build 61) Tool: armlink [4d35a8]

==============================================================================

Small function inlining results

Inlined total of 0 calls.

==============================================================================

Image Symbol Table

    Local Symbols

    Symbol Name                              Value     Ov Type        Size  Object(Section)

    RESET                                    0x00000000   Section      192  startup_mini51series.o(RESET)
    ../clib/microlib/division.c              0x00000000   Number         0  uidiv.o ABSOLUTE
    ../clib/microlib/init/entry.s            0x00000000   Number         0  entry7a.o ABSOLUTE
    ../clib/microlib/init/entry.s            0x00000000   Number         0  entry.o ABSOLUTE
    ../clib/microlib/init/entry.s            0x00000000   Number         0  entry7b.o ABSOLUTE
    ../clib/microlib/init/entry.s            0x00000000   Number         0  entry8a.o ABSOLUTE
    ../clib/microlib/init/entry.s            0x00000000   Number         0  entry8b.o ABSOLUTE
    ../clib/microlib/init/entry.s            0x00000000   Number         0  entry9a.o ABSOLUTE
    ../clib/microlib/init/entry.s            0x00000000   Number         0  entry9b.o ABSOLUTE
    ../clib/microlib/init/entry.s            0x00000000   Number         0  entry10a.o ABSOLUTE
    ../clib/microlib/init/entry.s            0x00000000   Number         0  entry10b.o ABSOLUTE
    ../clib/microlib/init/entry.s            0x00000000   Number         0  entry11b.o ABSOLUTE
    ../clib/microlib/init/entry.s            0x00000000   Number         0  entry11a.o ABSOLUTE
    ../clib/microlib/init/entry.s            0x00000000   Number         0  entry5.o ABSOLUTE
    ../clib/microlib/init/entry.s            0x00000000   Number         0  entry2.o ABSOLUTE
    ../clib/microlib/longlong.c              0x00000000   Number         0  llushr.o ABSOLUTE
    ../clib/microlib/longlong.c              0x00000000   Number         0  llshl.o ABSOLUTE
    ../clib/microlib/printf/stubs.s          0x00000000   Number         0  stubs.o ABSOLUTE
    ../clib/microlib/stubs.s                 0x00000000   Number         0  iusefp.o ABSOLUTE
    ../fplib/microlib/fpdiv.c                0x00000000   Number         0  fdiv.o ABSOLUTE
    ../fplib/microlib/fpepilogue.c           0x00000000   Number         0  depilogue.o ABSOLUTE
    ../fplib/microlib/fpepilogue.c           0x00000000   Number         0  fepilogue.o ABSOLUTE
    ../fplib/microlib/fpfix.c                0x00000000   Number         0  dfixui.o ABSOLUTE
    ../fplib/microlib/fpfix.c                0x00000000   Number         0  ffixui.o ABSOLUTE
    ../fplib/microlib/fpflt.c                0x00000000   Number         0  dfltui.o ABSOLUTE
    ../fplib/microlib/fpflt.c                0x00000000   Number         0  ffltui.o ABSOLUTE
    ../fplib/microlib/fpmul.c                0x00000000   Number         0  dmul.o ABSOLUTE
    ../fplib/microlib/fpmul.c                0x00000000   Number         0  fmul.o ABSOLUTE
    CMSIS\\system_Mini51Series.c             0x00000000   Number         0  system_mini51series.o ABSOLUTE
    CMSIS\startup_Mini51Series.s             0x00000000   Number         0  startup_mini51series.o ABSOLUTE
    CMSIS\system_Mini51Series.c              0x00000000   Number         0  system_mini51series.o ABSOLUTE
    StdDriver\\src\\adc.c                    0x00000000   Number         0  adc.o ABSOLUTE
    StdDriver\\src\\clk.c                    0x00000000   Number         0  clk.o ABSOLUTE
    StdDriver\\src\\fmc.c                    0x00000000   Number         0  fmc.o ABSOLUTE
    StdDriver\\src\\gpio.c                   0x00000000   Number         0  gpio.o ABSOLUTE
    StdDriver\\src\\i2c.c                    0x00000000   Number         0  i2c.o ABSOLUTE
    StdDriver\\src\\pwm.c                    0x00000000   Number         0  pwm.o ABSOLUTE
    StdDriver\\src\\retarget.c               0x00000000   Number         0  retarget.o ABSOLUTE
    StdDriver\\src\\spi.c                    0x00000000   Number         0  spi.o ABSOLUTE
    StdDriver\\src\\sys.c                    0x00000000   Number         0  sys.o ABSOLUTE
    StdDriver\\src\\timer.c                  0x00000000   Number         0  timer.o ABSOLUTE
    StdDriver\\src\\uart.c                   0x00000000   Number         0  uart.o ABSOLUTE
    StdDriver\\src\\wdt.c                    0x00000000   Number         0  wdt.o ABSOLUTE
    StdDriver\src\adc.c                      0x00000000   Number         0  adc.o ABSOLUTE
    StdDriver\src\clk.c                      0x00000000   Number         0  clk.o ABSOLUTE
    StdDriver\src\fmc.c                      0x00000000   Number         0  fmc.o ABSOLUTE
    StdDriver\src\gpio.c                     0x00000000   Number         0  gpio.o ABSOLUTE
    StdDriver\src\i2c.c                      0x00000000   Number         0  i2c.o ABSOLUTE
    StdDriver\src\pwm.c                      0x00000000   Number         0  pwm.o ABSOLUTE
    StdDriver\src\retarget.c                 0x00000000   Number         0  retarget.o ABSOLUTE
    StdDriver\src\spi.c                      0x00000000   Number         0  spi.o ABSOLUTE
    StdDriver\src\sys.c                      0x00000000   Number         0  sys.o ABSOLUTE
    StdDriver\src\timer.c                    0x00000000   Number         0  timer.o ABSOLUTE
    StdDriver\src\uart.c                     0x00000000   Number         0  uart.o ABSOLUTE
    StdDriver\src\wdt.c                      0x00000000   Number         0  wdt.o ABSOLUTE
    User\BLDCSensorLess.c                    0x00000000   Number         0  bldcsensorless.o ABSOLUTE
    User\Communication.c                     0x00000000   Number         0  communication.o ABSOLUTE
    User\Error.c                             0x00000000   Number         0  error.o ABSOLUTE
    User\Protection.c                        0x00000000   Number         0  protection.o ABSOLUTE
    User\\BLDCSensorLess.c                   0x00000000   Number         0  bldcsensorless.o ABSOLUTE
    User\\Communication.c                    0x00000000   Number         0  communication.o ABSOLUTE
    User\\Error.c                            0x00000000   Number         0  error.o ABSOLUTE
    User\\Protection.c                       0x00000000   Number         0  protection.o ABSOLUTE
    User\\it.c                               0x00000000   Number         0  it.o ABSOLUTE
    User\\main.c                             0x00000000   Number         0  main.o ABSOLUTE
    User\it.c                                0x00000000   Number         0  it.o ABSOLUTE
    User\main.c                              0x00000000   Number         0  main.o ABSOLUTE
    handlers.s                               0x00000000   Number         0  handlers.o ABSOLUTE
    init.s                                   0x00000000   Number         0  init.o ABSOLUTE
    .ARM.Collect$$$$00000000                 0x000000c0   Section        0  entry.o(.ARM.Collect$$$$00000000)
    .ARM.Collect$$$$00000001                 0x000000c0   Section        4  entry2.o(.ARM.Collect$$$$00000001)
    .ARM.Collect$$$$00000004                 0x000000c4   Section        4  entry5.o(.ARM.Collect$$$$00000004)
    .ARM.Collect$$$$00000008                 0x000000c8   Section        0  entry7b.o(.ARM.Collect$$$$00000008)
    .ARM.Collect$$$$0000000A                 0x000000c8   Section        0  entry8b.o(.ARM.Collect$$$$0000000A)
    .ARM.Collect$$$$0000000B                 0x000000c8   Section        8  entry9a.o(.ARM.Collect$$$$0000000B)
    .ARM.Collect$$$$0000000D                 0x000000d0   Section        0  entry10a.o(.ARM.Collect$$$$0000000D)
    .ARM.Collect$$$$0000000F                 0x000000d0   Section        0  entry11a.o(.ARM.Collect$$$$0000000F)
    .ARM.Collect$$$$00002712                 0x000000d0   Section        4  entry2.o(.ARM.Collect$$$$00002712)
    __lit__00000000                          0x000000d0   Data           4  entry2.o(.ARM.Collect$$$$00002712)
    .text                                    0x000000d4   Section        0  adc.o(.text)
    .text                                    0x0000019c   Section        0  clk.o(.text)
    .text                                    0x00000328   Section        0  gpio.o(.text)
    .text                                    0x00000384   Section        0  pwm.o(.text)
    .text                                    0x0000068c   Section        0  spi.o(.text)
    .text                                    0x0000088c   Section        0  sys.o(.text)
    .text                                    0x00000958   Section        0  main.o(.text)
    NVIC_SetPriority                         0x00000959   Thumb Code    60  main.o(.text)
    NVIC_EnableIRQ                           0x00000eaf   Thumb Code    14  main.o(.text)
    .text                                    0x00000ee4   Section        0  bldcsensorless.o(.text)
    .text                                    0x000011f0   Section        0  communication.o(.text)
    .text                                    0x00001380   Section        0  it.o(.text)
    .text                                    0x00001688   Section        0  error.o(.text)
    .text                                    0x00001764   Section        0  protection.o(.text)
    .text                                    0x000017c8   Section        0  system_mini51series.o(.text)
    .text                                    0x00001818   Section       20  startup_mini51series.o(.text)
    Default_Handler                          0x00001827   Thumb Code     2  startup_mini51series.o(.text)
    .text                                    0x0000182c   Section        0  uidiv.o(.text)
    .text                                    0x00001858   Section        0  dmul.o(.text)
    .text                                    0x00001928   Section        0  dfltui.o(.text)
    .text                                    0x00001944   Section        0  dfixui.o(.text)
    .text                                    0x00001980   Section        0  llushr.o(.text)
    .text                                    0x000019a2   Section        0  depilogue.o(.text)
    .text                                    0x000019a2   Section        0  iusefp.o(.text)
    .text                                    0x00001a60   Section       36  init.o(.text)
    .text                                    0x00001a84   Section        0  llshl.o(.text)
    i.BLDCRampUp_Manager                     0x00001aa4   Section        0  bldcsensorless.o(i.BLDCRampUp_Manager)
    i.BLDC_stopMotor                         0x00001b40   Section        0  bldcsensorless.o(i.BLDC_stopMotor)
    i.PhaseChangedRoutine                    0x00001ba0   Section        0  bldcsensorless.o(i.PhaseChangedRoutine)
    i.__ARM_clz                              0x00001cb4   Section        0  depilogue.o(i.__ARM_clz)
    i.__ARM_common_switch8                   0x00001ce2   Section        0  bldcsensorless.o(i.__ARM_common_switch8)
    i.__scatterload_copy                     0x00001cfc   Section       14  handlers.o(i.__scatterload_copy)
    i.__scatterload_null                     0x00001d0a   Section        2  handlers.o(i.__scatterload_null)
    i.__scatterload_zeroinit                 0x00001d0c   Section       14  handlers.o(i.__scatterload_zeroinit)
    i.setPhaseManually                       0x00001d1c   Section        0  bldcsensorless.o(i.setPhaseManually)
    .constdata                               0x00001d50   Section       52  bldcsensorless.o(.constdata)
    .constdata                               0x00001d84   Section      512  communication.o(.constdata)
    .constdata                               0x00001f84   Section       32  error.o(.constdata)
    .data                                    0x20000000   Section        4  main.o(.data)
    .data                                    0x20000004   Section       32  bldcsensorless.o(.data)
    tMotorState                              0x20000004   Data           1  bldcsensorless.o(.data)
    tRotateDetectState                       0x20000005   Data           1  bldcsensorless.o(.data)
    unLocateIndex                            0x20000006   Data           1  bldcsensorless.o(.data)
    unPhaseChangeCNT_AtCurrentPeriod         0x20000007   Data           1  bldcsensorless.o(.data)
    unPhaseChangeCNT_AtCurrentDuty           0x20000008   Data           1  bldcsensorless.o(.data)
    unPeriodChangeCNT_AfterPR_ReachMini      0x2000000c   Data           2  bldcsensorless.o(.data)
    unStateEnterTime                         0x20000010   Data           4  bldcsensorless.o(.data)
    iEnterTimeBeforeWait                     0x20000014   Data           4  bldcsensorless.o(.data)
    unLastPhaseChangeTime                    0x20000018   Data           4  bldcsensorless.o(.data)
    unRotateDetectStartTime                  0x2000001c   Data           4  bldcsensorless.o(.data)
    .data                                    0x20000024   Section        1  bldcsensorless.o(.data)
    .data                                    0x20000028   Section        4  bldcsensorless.o(.data)
    .data                                    0x2000002c   Section       32  communication.o(.data)
    unLastFrameCNT                           0x2000002c   Data           4  communication.o(.data)
    unLastCheckTime                          0x20000030   Data           4  communication.o(.data)
    unCOM_Buff                               0x2000003c   Data           8  communication.o(.data)
    .data                                    0x2000004c   Section        4  communication.o(.data)
    .data                                    0x20000050   Section       24  it.o(.data)
    iBatteryLowCNT                           0x20000050   Data           2  it.o(.data)
    iTempDeltaZXD                            0x20000054   Data           4  it.o(.data)
    iHalfPeriod                              0x20000058   Data           4  it.o(.data)
    iADC_ComparatorFlag                      0x2000005c   Data           4  it.o(.data)
    iSystemTickTemp                          0x20000060   Data           4  it.o(.data)
    iBatteryLowLastTimeRCD                   0x20000064   Data           4  it.o(.data)
    .data                                    0x20000068   Section       12  error.o(.data)
    tLastErrorType                           0x20000068   Data           1  error.o(.data)
    unLastErrorChangeTime                    0x2000006c   Data           4  error.o(.data)
    .data                                    0x20000074   Section       24  protection.o(.data)
    .data                                    0x2000008c   Section        8  system_mini51series.o(.data)
    .data__ZZ23phaseDurationProtectionE14unCurrentPHCHG 0x20000094   Section        4  bldcsensorless.o(.data__ZZ23phaseDurationProtectionE14unCurrentPHCHG)
    .bss                                     0x20000098   Section       40  bldcsensorless.o(.bss)
    STACK                                    0x200000c0   Section      512  startup_mini51series.o(STACK)

    Global Symbols

    Symbol Name                              Value     Ov Type        Size  Object(Section)

    BuildAttributes$$THM_ISAv3M$S$PE$A:L22$X:L11$S22$IEEE1$IW$USESV6$~STKCKD$USESV7$~SHL$OTIME$ROPI$EBA8$MICROLIB$REQ8$PRES8$EABIv2 0x00000000   Number         0  anon$$obj.o ABSOLUTE
    __ARM_use_no_argv                        0x00000000   Number         0  main.o ABSOLUTE
    __Vectors                                0x00000000   Data           4  startup_mini51series.o(RESET)
    _printf_a                                0x00000000   Number         0  stubs.o ABSOLUTE
    _printf_c                                0x00000000   Number         0  stubs.o ABSOLUTE
    _printf_charcount                        0x00000000   Number         0  stubs.o ABSOLUTE
    _printf_d                                0x00000000   Number         0  stubs.o ABSOLUTE
    _printf_e                                0x00000000   Number         0  stubs.o ABSOLUTE
    _printf_f                                0x00000000   Number         0  stubs.o ABSOLUTE
    _printf_flags                            0x00000000   Number         0  stubs.o ABSOLUTE
    _printf_fp_dec                           0x00000000   Number         0  stubs.o ABSOLUTE
    _printf_fp_hex                           0x00000000   Number         0  stubs.o ABSOLUTE
    _printf_g                                0x00000000   Number         0  stubs.o ABSOLUTE
    _printf_i                                0x00000000   Number         0  stubs.o ABSOLUTE
    _printf_int_dec                          0x00000000   Number         0  stubs.o ABSOLUTE
    _printf_l                                0x00000000   Number         0  stubs.o ABSOLUTE
    _printf_lc                               0x00000000   Number         0  stubs.o ABSOLUTE
    _printf_ll                               0x00000000   Number         0  stubs.o ABSOLUTE
    _printf_lld                              0x00000000   Number         0  stubs.o ABSOLUTE
    _printf_lli                              0x00000000   Number         0  stubs.o ABSOLUTE
    _printf_llo                              0x00000000   Number         0  stubs.o ABSOLUTE
    _printf_llu                              0x00000000   Number         0  stubs.o ABSOLUTE
    _printf_llx                              0x00000000   Number         0  stubs.o ABSOLUTE
    _printf_longlong_dec                     0x00000000   Number         0  stubs.o ABSOLUTE
    _printf_longlong_hex                     0x00000000   Number         0  stubs.o ABSOLUTE
    _printf_longlong_oct                     0x00000000   Number         0  stubs.o ABSOLUTE
    _printf_ls                               0x00000000   Number         0  stubs.o ABSOLUTE
    _printf_mbtowc                           0x00000000   Number         0  stubs.o ABSOLUTE
    _printf_n                                0x00000000   Number         0  stubs.o ABSOLUTE
    _printf_o                                0x00000000   Number         0  stubs.o ABSOLUTE
    _printf_p                                0x00000000   Number         0  stubs.o ABSOLUTE
    _printf_percent                          0x00000000   Number         0  stubs.o ABSOLUTE
    _printf_pre_padding                      0x00000000   Number         0  stubs.o ABSOLUTE
    _printf_return_value                     0x00000000   Number         0  stubs.o ABSOLUTE
    _printf_s                                0x00000000   Number         0  stubs.o ABSOLUTE
    _printf_sizespec                         0x00000000   Number         0  stubs.o ABSOLUTE
    _printf_str                              0x00000000   Number         0  stubs.o ABSOLUTE
    _printf_truncate_signed                  0x00000000   Number         0  stubs.o ABSOLUTE
    _printf_truncate_unsigned                0x00000000   Number         0  stubs.o ABSOLUTE
    _printf_u                                0x00000000   Number         0  stubs.o ABSOLUTE
    _printf_wc                               0x00000000   Number         0  stubs.o ABSOLUTE
    _printf_wctomb                           0x00000000   Number         0  stubs.o ABSOLUTE
    _printf_widthprec                        0x00000000   Number         0  stubs.o ABSOLUTE
    _printf_x                                0x00000000   Number         0  stubs.o ABSOLUTE
    __cpp_initialize__aeabi_                  - Undefined Weak Reference
    __cxa_finalize                            - Undefined Weak Reference
    __decompress                              - Undefined Weak Reference
    _clock_init                               - Undefined Weak Reference
    _microlib_exit                            - Undefined Weak Reference
    __main                                   0x000000c1   Thumb Code     0  entry.o(.ARM.Collect$$$$00000000)
    _main_stk                                0x000000c1   Thumb Code     0  entry2.o(.ARM.Collect$$$$00000001)
    _main_scatterload                        0x000000c5   Thumb Code     0  entry5.o(.ARM.Collect$$$$00000004)
    __main_after_scatterload                 0x000000c9   Thumb Code     0  entry5.o(.ARM.Collect$$$$00000004)
    _main_clock                              0x000000c9   Thumb Code     0  entry7b.o(.ARM.Collect$$$$00000008)
    _main_cpp_init                           0x000000c9   Thumb Code     0  entry8b.o(.ARM.Collect$$$$0000000A)
    _main_init                               0x000000c9   Thumb Code     0  entry9a.o(.ARM.Collect$$$$0000000B)
    __rt_final_cpp                           0x000000d1   Thumb Code     0  entry10a.o(.ARM.Collect$$$$0000000D)
    __rt_final_exit                          0x000000d1   Thumb Code     0  entry11a.o(.ARM.Collect$$$$0000000F)
    ADC_Open                                 0x000000d5   Thumb Code    18  adc.o(.text)
    ADC_Close                                0x000000e7   Thumb Code    22  adc.o(.text)
    ADC_EnableHWTrigger                      0x000000fd   Thumb Code    50  adc.o(.text)
    ADC_DisableHWTrigger                     0x0000012f   Thumb Code    14  adc.o(.text)
    ADC_SetExtraSampleTime                   0x0000013d   Thumb Code    14  adc.o(.text)
    ADC_EnableInt                            0x0000014b   Thumb Code    38  adc.o(.text)
    ADC_DisableInt                           0x00000171   Thumb Code    38  adc.o(.text)
    CLK_DisableCKO                           0x0000019d   Thumb Code    12  clk.o(.text)
    CLK_EnableCKO                            0x000001a9   Thumb Code    32  clk.o(.text)
    CLK_PowerDown                            0x000001c9   Thumb Code    20  clk.o(.text)
    CLK_Idle                                 0x000001dd   Thumb Code    14  clk.o(.text)
    CLK_GetHXTFreq                           0x000001eb   Thumb Code    12  clk.o(.text)
    CLK_GetLXTFreq                           0x000001f7   Thumb Code    18  clk.o(.text)
    CLK_GetHCLKFreq                          0x00000209   Thumb Code    12  clk.o(.text)
    CLK_GetCPUFreq                           0x00000215   Thumb Code    12  clk.o(.text)
    CLK_SetHCLK                              0x00000221   Thumb Code    24  clk.o(.text)
    CLK_SetModuleClock                       0x00000239   Thumb Code    76  clk.o(.text)
    CLK_SetSysTickClockSrc                   0x00000285   Thumb Code    14  clk.o(.text)
    CLK_EnableXtalRC                         0x00000293   Thumb Code    10  clk.o(.text)
    CLK_DisableXtalRC                        0x0000029d   Thumb Code    10  clk.o(.text)
    CLK_EnableModuleClock                    0x000002a7   Thumb Code    24  clk.o(.text)
    CLK_DisableModuleClock                   0x000002bf   Thumb Code    24  clk.o(.text)
    CLK_SysTickDelay                         0x000002d7   Thumb Code    26  clk.o(.text)
    CLK_WaitClockReady                       0x000002f1   Thumb Code    30  clk.o(.text)
    GPIO_SetMode                             0x00000329   Thumb Code    40  gpio.o(.text)
    GPIO_EnableInt                           0x00000351   Thumb Code    26  gpio.o(.text)
    GPIO_DisableInt                          0x0000036b   Thumb Code    22  gpio.o(.text)
    PWM_ConfigOutputChannel                  0x00000385   Thumb Code   216  pwm.o(.text)
    PWM_Start                                0x0000045d   Thumb Code    40  pwm.o(.text)
    PWM_Stop                                 0x00000485   Thumb Code    32  pwm.o(.text)
    PWM_ForceStop                            0x000004a5   Thumb Code    40  pwm.o(.text)
    PWM_EnableADCTrigger                     0x000004cd   Thumb Code    44  pwm.o(.text)
    PWM_DisableADCTrigger                    0x000004f9   Thumb Code    34  pwm.o(.text)
    PWM_ClearADCTriggerFlag                  0x0000051b   Thumb Code    32  pwm.o(.text)
    PWM_GetADCTriggerFlag                    0x0000053b   Thumb Code    26  pwm.o(.text)
    PWM_EnableFaultBreak                     0x00000555   Thumb Code    12  pwm.o(.text)
    PWM_ClearFaultBreakFlag                  0x00000561   Thumb Code    10  pwm.o(.text)
    PWM_EnableOutput                         0x0000056b   Thumb Code    12  pwm.o(.text)
    PWM_DisableOutput                        0x00000577   Thumb Code    12  pwm.o(.text)
    PWM_EnableDeadZone                       0x00000583   Thumb Code    38  pwm.o(.text)
    PWM_DisableDeadZone                      0x000005a9   Thumb Code    16  pwm.o(.text)
    PWM_EnableDutyInt                        0x000005b9   Thumb Code    16  pwm.o(.text)
    PWM_DisableDutyInt                       0x000005c9   Thumb Code    16  pwm.o(.text)
    PWM_ClearDutyIntFlag                     0x000005d9   Thumb Code    16  pwm.o(.text)
    PWM_GetDutyIntFlag                       0x000005e9   Thumb Code    20  pwm.o(.text)
    PWM_EnableFaultBreakInt                  0x000005fd   Thumb Code    16  pwm.o(.text)
    PWM_DisableFaultBreakInt                 0x0000060d   Thumb Code    16  pwm.o(.text)
    PWM_ClearFaultBreakIntFlag               0x0000061d   Thumb Code     8  pwm.o(.text)
    PWM_GetFaultBreakIntFlag                 0x00000625   Thumb Code    14  pwm.o(.text)
    PWM_EnablePeriodInt                      0x00000633   Thumb Code    26  pwm.o(.text)
    PWM_DisablePeriodInt                     0x0000064d   Thumb Code    16  pwm.o(.text)
    PWM_ClearPeriodIntFlag                   0x0000065d   Thumb Code    16  pwm.o(.text)
    PWM_GetPeriodIntFlag                     0x0000066d   Thumb Code    18  pwm.o(.text)
    SPI_Open                                 0x0000068d   Thumb Code    94  spi.o(.text)
    SPI_Close                                0x000006eb   Thumb Code    30  spi.o(.text)
    SPI_ClearRxFIFO                          0x00000709   Thumb Code    10  spi.o(.text)
    SPI_ClearTxFIFO                          0x00000713   Thumb Code    10  spi.o(.text)
    SPI_DisableAutoSS                        0x0000071d   Thumb Code    10  spi.o(.text)
    SPI_EnableAutoSS                         0x00000727   Thumb Code    14  spi.o(.text)
    SPI_SetBusClock                          0x00000735   Thumb Code    68  spi.o(.text)
    SPI_EnableFIFO                           0x00000779   Thumb Code    32  spi.o(.text)
    SPI_DisableFIFO                          0x00000799   Thumb Code    12  spi.o(.text)
    SPI_GetBusClock                          0x000007a5   Thumb Code    22  spi.o(.text)
    SPI_EnableInt                            0x000007bb   Thumb Code    98  spi.o(.text)
    SPI_DisableInt                           0x0000081d   Thumb Code    98  spi.o(.text)
    SYS_ClearResetSrc                        0x0000088d   Thumb Code    12  sys.o(.text)
    SYS_GetBODStatus                         0x00000899   Thumb Code    12  sys.o(.text)
    SYS_GetResetSrc                          0x000008a5   Thumb Code     8  sys.o(.text)
    SYS_IsRegLocked                          0x000008ad   Thumb Code    10  sys.o(.text)
    SYS_LockReg                              0x000008b7   Thumb Code     8  sys.o(.text)
    SYS_UnlockReg                            0x000008bf   Thumb Code    26  sys.o(.text)
    SYS_ReadPDID                             0x000008d9   Thumb Code     8  sys.o(.text)
    SYS_ResetChip                            0x000008e1   Thumb Code    14  sys.o(.text)
    SYS_ResetCPU                             0x000008ef   Thumb Code    14  sys.o(.text)
    SYS_ResetModule                          0x000008fd   Thumb Code    28  sys.o(.text)
    SYS_EnableBOD                            0x00000919   Thumb Code    36  sys.o(.text)
    SYS_DisableBOD                           0x0000093d   Thumb Code    22  sys.o(.text)
    initClk                                  0x00000995   Thumb Code   190  main.o(.text)
    initIRQ                                  0x00000a53   Thumb Code    98  main.o(.text)
    initGPIO                                 0x00000ab5   Thumb Code   364  main.o(.text)
    configTIM                                0x00000c21   Thumb Code    12  main.o(.text)
    configADC                                0x00000c2d   Thumb Code    74  main.o(.text)
    configSPI                                0x00000c77   Thumb Code    80  main.o(.text)
    initPWM                                  0x00000cc7   Thumb Code   322  main.o(.text)
    initSys                                  0x00000e09   Thumb Code    66  main.o(.text)
    initEnv                                  0x00000e4b   Thumb Code    26  main.o(.text)
    main                                     0x00000e65   Thumb Code    74  main.o(.text)
    canMotorContinueRunning                  0x00000ee5   Thumb Code     4  bldcsensorless.o(.text)
    BLDCSpeedManager                         0x00000ee9   Thumb Code   116  bldcsensorless.o(.text)
    BLDC_LocatingManager                     0x00000f5d   Thumb Code   124  bldcsensorless.o(.text)
    BLDC_SensorLessManager                   0x00000fd9   Thumb Code   482  bldcsensorless.o(.text)
    reflect16Bit                             0x000011f1   Thumb Code    40  communication.o(.text)
    CRC16                                    0x00001219   Thumb Code    44  communication.o(.text)
    nReadCommandHandler                      0x00001245   Thumb Code    48  communication.o(.text)
    nWriteCommandHandler                     0x00001275   Thumb Code    88  communication.o(.text)
    COMM_Manager                             0x000012cd   Thumb Code   154  communication.o(.text)
    TMR0_IRQHandler                          0x00001381   Thumb Code    76  it.o(.text)
    PhaseZXDedHandler                        0x000013cd   Thumb Code   112  it.o(.text)
    TMR1_IRQHandler                          0x0000143d   Thumb Code    96  it.o(.text)
    ACMP_IRQHandler                          0x0000149d   Thumb Code    58  it.o(.text)
    ADC_IRQHandler                           0x000014d7   Thumb Code   244  it.o(.text)
    SPI_IRQHandler                           0x000015cb   Thumb Code   112  it.o(.text)
    SysTick_Handler                          0x0000163b   Thumb Code    10  it.o(.text)
    delay                                    0x00001689   Thumb Code    18  error.o(.text)
    clearError                               0x0000169b   Thumb Code     8  error.o(.text)
    resetError                               0x000016a3   Thumb Code    20  error.o(.text)
    setError                                 0x000016b7   Thumb Code    26  error.o(.text)
    getPrecedenceError                       0x000016d1   Thumb Code    28  error.o(.text)
    LEDBlinkHandler                          0x000016ed   Thumb Code    68  error.o(.text)
    ERR_Manager                              0x00001731   Thumb Code    36  error.o(.text)
    PTC_checkMotor                           0x00001765   Thumb Code    70  protection.o(.text)
    SystemCoreClockUpdate                    0x000017c9   Thumb Code    56  system_mini51series.o(.text)
    Reset_Handler                            0x00001819   Thumb Code     4  startup_mini51series.o(.text)
    NMI_Handler                              0x0000181d   Thumb Code     2  startup_mini51series.o(.text)
    HardFault_Handler                        0x0000181f   Thumb Code     2  startup_mini51series.o(.text)
    SVC_Handler                              0x00001821   Thumb Code     2  startup_mini51series.o(.text)
    PendSV_Handler                           0x00001823   Thumb Code     2  startup_mini51series.o(.text)
    BOD_IRQHandler                           0x00001827   Thumb Code     0  startup_mini51series.o(.text)
    EINT0_IRQHandler                         0x00001827   Thumb Code     0  startup_mini51series.o(.text)
    EINT1_IRQHandler                         0x00001827   Thumb Code     0  startup_mini51series.o(.text)
    FB_IRQHandler                            0x00001827   Thumb Code     0  startup_mini51series.o(.text)
    GPIO01_IRQHandler                        0x00001827   Thumb Code     0  startup_mini51series.o(.text)
    GPIO234_IRQHandler                       0x00001827   Thumb Code     0  startup_mini51series.o(.text)
    GPIO5_IRQHandler                         0x00001827   Thumb Code     0  startup_mini51series.o(.text)
    HIRC_IRQHandler                          0x00001827   Thumb Code     0  startup_mini51series.o(.text)
    I2C_IRQHandler                           0x00001827   Thumb Code     0  startup_mini51series.o(.text)
    PDWU_IRQHandler                          0x00001827   Thumb Code     0  startup_mini51series.o(.text)
    PWM_IRQHandler                           0x00001827   Thumb Code     0  startup_mini51series.o(.text)
    UART_IRQHandler                          0x00001827   Thumb Code     0  startup_mini51series.o(.text)
    WDT_IRQHandler                           0x00001827   Thumb Code     0  startup_mini51series.o(.text)
    __aeabi_uidiv                            0x0000182d   Thumb Code     0  uidiv.o(.text)
    __aeabi_uidivmod                         0x0000182d   Thumb Code    44  uidiv.o(.text)
    __aeabi_dmul                             0x00001859   Thumb Code   202  dmul.o(.text)
    __aeabi_ui2d                             0x00001929   Thumb Code    24  dfltui.o(.text)
    __aeabi_d2uiz                            0x00001945   Thumb Code    50  dfixui.o(.text)
    __aeabi_llsr                             0x00001981   Thumb Code    34  llushr.o(.text)
    _ll_ushift_r                             0x00001981   Thumb Code     0  llushr.o(.text)
    __I$use$fp                               0x000019a3   Thumb Code     0  iusefp.o(.text)
    _double_round                            0x000019a3   Thumb Code    26  depilogue.o(.text)
    _double_epilogue                         0x000019bd   Thumb Code   164  depilogue.o(.text)
    __scatterload                            0x00001a61   Thumb Code    28  init.o(.text)
    __scatterload_rt2                        0x00001a61   Thumb Code     0  init.o(.text)
    __aeabi_llsl                             0x00001a85   Thumb Code    32  llshl.o(.text)
    _ll_shift_l                              0x00001a85   Thumb Code     0  llshl.o(.text)
    BLDCRampUp_Manager                       0x00001aa5   Thumb Code   122  bldcsensorless.o(i.BLDCRampUp_Manager)
    BLDC_stopMotor                           0x00001b41   Thumb Code    76  bldcsensorless.o(i.BLDC_stopMotor)
    PhaseChangedRoutine                      0x00001ba1   Thumb Code   248  bldcsensorless.o(i.PhaseChangedRoutine)
    __ARM_clz                                0x00001cb5   Thumb Code    46  depilogue.o(i.__ARM_clz)
    __ARM_common_switch8                     0x00001ce3   Thumb Code    26  bldcsensorless.o(i.__ARM_common_switch8)
    __scatterload_copy                       0x00001cfd   Thumb Code    14  handlers.o(i.__scatterload_copy)
    __scatterload_null                       0x00001d0b   Thumb Code     2  handlers.o(i.__scatterload_null)
    __scatterload_zeroinit                   0x00001d0d   Thumb Code    14  handlers.o(i.__scatterload_zeroinit)
    setPhaseManually                         0x00001d1d   Thumb Code    38  bldcsensorless.o(i.setPhaseManually)
    unLocatePhaseSequencyTable               0x00001d50   Data           4  bldcsensorless.o(.constdata)
    PHASE_TAB_CLOCKWISE                      0x00001d54   Data          24  bldcsensorless.o(.constdata)
    PHASE_TAB_ANTICLOCKWISE                  0x00001d6c   Data          24  bldcsensorless.o(.constdata)
    CRC_HIGH_FACTOR                          0x00001d84   Data         256  communication.o(.constdata)
    CRC_LOW_FACTOR                           0x00001e84   Data         256  communication.o(.constdata)
    unLED_BLINK_PATTERN_TABLE                0x00001f84   Data          32  error.o(.constdata)
    Region$$Table$$Base                      0x00001fa4   Number         0  anon$$obj.o(Region$$Table)
    Region$$Table$$Limit                     0x00001fc4   Number         0  anon$$obj.o(Region$$Table)
    unSystemTick                             0x20000000   Data           4  main.o(.data)
    unCurrentPhase                           0x20000009   Data           1  bldcsensorless.o(.data)
    FLAG_PHASE_CHANGED                       0x2000000a   Data           1  bldcsensorless.o(.data)
    unLastZXDetectedTime                     0x20000020   Data           4  bldcsensorless.o(.data)
    FLAG_TIM1_USEAGE                         0x20000024   Data           1  bldcsensorless.o(.data)
    unZXMatchCNT                             0x20000028   Data           4  bldcsensorless.o(.data)
    unValidFrameCNT                          0x20000034   Data           4  communication.o(.data)
    unCOM_SPI_TransErrCNT                    0x20000038   Data           4  communication.o(.data)
    unCOM_SPI_ReadData                       0x20000044   Data           8  communication.o(.data)
    unCOM_SPI_TransCNT                       0x2000004c   Data           4  communication.o(.data)
    unErrorMaster                            0x20000070   Data           4  error.o(.data)
    unMosfetTestTable                        0x20000074   Data          24  protection.o(.data)
    SystemCoreClock                          0x2000008c   Data           4  system_mini51series.o(.data)
    CyclesPerUs                              0x20000090   Data           4  system_mini51series.o(.data)
    phaseDurationProtection::unCurrentPHCHG  0x20000094   Data           4  bldcsensorless.o(.data__ZZ23phaseDurationProtectionE14unCurrentPHCHG)
    tMotor                                   0x20000098   Data          40  bldcsensorless.o(.bss)
    __initial_sp                             0x200002c0   Data           0  startup_mini51series.o(STACK)



==============================================================================

Memory Map of the image

  Image Entry point : 0x00001819

  Load Region LR_1 (Base: 0x00000000, Size: 0x0000205c, Max: 0xffffffff, ABSOLUTE)

    Execution Region ER_RO (Base: 0x00000000, Size: 0x00001fc4, Max: 0xffffffff, ABSOLUTE)

    Base Addr    Size         Type   Attr      Idx    E Section Name        Object

    0x00000000   0x000000c0   Data   RO          653    RESET               startup_mini51series.o
    0x000000c0   0x00000000   Code   RO          658  * .ARM.Collect$$$$00000000  mc_p.l(entry.o)
    0x000000c0   0x00000004   Code   RO          676    .ARM.Collect$$$$00000001  mc_p.l(entry2.o)
    0x000000c4   0x00000004   Code   RO          679    .ARM.Collect$$$$00000004  mc_p.l(entry5.o)
    0x000000c8   0x00000000   Code   RO          681    .ARM.Collect$$$$00000008  mc_p.l(entry7b.o)
    0x000000c8   0x00000000   Code   RO          683    .ARM.Collect$$$$0000000A  mc_p.l(entry8b.o)
    0x000000c8   0x00000008   Code   RO          684    .ARM.Collect$$$$0000000B  mc_p.l(entry9a.o)
    0x000000d0   0x00000000   Code   RO          686    .ARM.Collect$$$$0000000D  mc_p.l(entry10a.o)
    0x000000d0   0x00000000   Code   RO          688    .ARM.Collect$$$$0000000F  mc_p.l(entry11a.o)
    0x000000d0   0x00000004   Code   RO          677    .ARM.Collect$$$$00002712  mc_p.l(entry2.o)
    0x000000d4   0x000000c8   Code   RO            3    .text               adc.o
    0x0000019c   0x0000018c   Code   RO           79    .text               clk.o
    0x00000328   0x0000005c   Code   RO          143    .text               gpio.o
    0x00000384   0x00000308   Code   RO          202    .text               pwm.o
    0x0000068c   0x00000200   Code   RO          251    .text               spi.o
    0x0000088c   0x000000cc   Code   RO          271    .text               sys.o
    0x00000958   0x0000058c   Code   RO          355    .text               main.o
    0x00000ee4   0x0000030c   Code   RO          412    .text               bldcsensorless.o
    0x000011f0   0x00000190   Code   RO          483    .text               communication.o
    0x00001380   0x00000308   Code   RO          524    .text               it.o
    0x00001688   0x000000dc   Code   RO          554    .text               error.o
    0x00001764   0x00000064   Code   RO          582    .text               protection.o
    0x000017c8   0x00000050   Code   RO          608    .text               system_mini51series.o
    0x00001818   0x00000014   Code   RO          654  * .text               startup_mini51series.o
    0x0000182c   0x0000002c   Code   RO          659    .text               mc_p.l(uidiv.o)
    0x00001858   0x000000d0   Code   RO          666    .text               mf_p.l(dmul.o)
    0x00001928   0x0000001c   Code   RO          670    .text               mf_p.l(dfltui.o)
    0x00001944   0x0000003c   Code   RO          674    .text               mf_p.l(dfixui.o)
    0x00001980   0x00000022   Code   RO          690    .text               mc_p.l(llushr.o)
    0x000019a2   0x00000000   Code   RO          692    .text               mc_p.l(iusefp.o)
    0x000019a2   0x000000be   Code   RO          695    .text               mf_p.l(depilogue.o)
    0x00001a60   0x00000024   Code   RO          699    .text               mc_p.l(init.o)
    0x00001a84   0x00000020   Code   RO          701    .text               mc_p.l(llshl.o)
    0x00001aa4   0x0000009c   Code   RO          452    i.BLDCRampUp_Manager  bldcsensorless.o
    0x00001b40   0x00000060   Code   RO          440    i.BLDC_stopMotor    bldcsensorless.o
    0x00001ba0   0x00000114   Code   RO          434    i.PhaseChangedRoutine  bldcsensorless.o
    0x00001cb4   0x0000002e   Code   RO          697    i.__ARM_clz         mf_p.l(depilogue.o)
    0x00001ce2   0x0000001a   Code   RO          459    i.__ARM_common_switch8  bldcsensorless.o
    0x00001cfc   0x0000000e   Code   RO          705    i.__scatterload_copy  mc_p.l(handlers.o)
    0x00001d0a   0x00000002   Code   RO          706    i.__scatterload_null  mc_p.l(handlers.o)
    0x00001d0c   0x0000000e   Code   RO          707    i.__scatterload_zeroinit  mc_p.l(handlers.o)
    0x00001d1a   0x00000002   PAD
    0x00001d1c   0x00000034   Code   RO          446    i.setPhaseManually  bldcsensorless.o
    0x00001d50   0x00000034   Data   RO          414    .constdata          bldcsensorless.o
    0x00001d84   0x00000200   Data   RO          484    .constdata          communication.o
    0x00001f84   0x00000020   Data   RO          555    .constdata          error.o
    0x00001fa4   0x00000020   Data   RO          703    Region$$Table       anon$$obj.o


    Execution Region ER_RW (Base: 0x20000000, Size: 0x00000098, Max: 0xffffffff, ABSOLUTE)

    Base Addr    Size         Type   Attr      Idx    E Section Name        Object

    0x20000000   0x00000004   Data   RW          359    .data               main.o
    0x20000004   0x00000020   Data   RW          415    .data               bldcsensorless.o
    0x20000024   0x00000001   Data   RW          416    .data               bldcsensorless.o
    0x20000025   0x00000003   PAD
    0x20000028   0x00000004   Data   RW          417    .data               bldcsensorless.o
    0x2000002c   0x00000020   Data   RW          485    .data               communication.o
    0x2000004c   0x00000004   Data   RW          486    .data               communication.o
    0x20000050   0x00000018   Data   RW          525    .data               it.o
    0x20000068   0x0000000c   Data   RW          556    .data               error.o
    0x20000074   0x00000018   Data   RW          583    .data               protection.o
    0x2000008c   0x00000008   Data   RW          609    .data               system_mini51series.o
    0x20000094   0x00000004   Data   RW          458    .data__ZZ23phaseDurationProtectionE14unCurrentPHCHG  bldcsensorless.o


    Execution Region ER_ZI (Base: 0x20000098, Size: 0x00000228, Max: 0xffffffff, ABSOLUTE)

    Base Addr    Size         Type   Attr      Idx    E Section Name        Object

    0x20000098   0x00000028   Zero   RW          413    .bss                bldcsensorless.o
    0x200000c0   0x00000200   Zero   RW          651    STACK               startup_mini51series.o


==============================================================================

Image component sizes


      Code (inc. data)   RO Data    RW Data    ZI Data      Debug   Object Name

       200          6          0          0          0      59806   adc.o
      1386        160         52         41         40      14355   bldcsensorless.o
       396         26          0          0          0       3385   clk.o
       400         36        512         36          0       6704   communication.o
       220         16         32         12          0       3418   error.o
         0          0          0          0          0      53176   fmc.o
        92          4          0          0          0      54466   gpio.o
       776         68          0         24          0       6690   it.o
      1420        172          0          4          0      13727   main.o
       100         30          0         24          0       1657   protection.o
       776         14          0          0          0       7250   pwm.o
       512         14          0          0          0       3576   spi.o
        20          4        192          0        512        600   startup_mini51series.o
       204          6          0          0          0       2000   sys.o
        80         24          0          8          0        838   system_mini51series.o

    ----------------------------------------------------------------------
      6582        580        820        152        552     231648   Object Totals
         0          0         32          0          0          0   (incl. Generated)
         0          0          0          3          0          0   (incl. Padding)

    ----------------------------------------------------------------------

      Code (inc. data)   RO Data    RW Data    ZI Data      Debug   Library Member Name

         0          0          0          0          0          0   entry.o
         0          0          0          0          0          0   entry10a.o
         0          0          0          0          0          0   entry11a.o
         8          4          0          0          0          0   entry2.o
         4          0          0          0          0          0   entry5.o
         0          0          0          0          0          0   entry7b.o
         0          0          0          0          0          0   entry8b.o
         8          4          0          0          0          0   entry9a.o
        30          0          0          0          0          0   handlers.o
        36          8          0          0          0         68   init.o
         0          0          0          0          0          0   iusefp.o
        32          0          0          0          0         68   llshl.o
        34          0          0          0          0         68   llushr.o
        44          0          0          0          0         72   uidiv.o
       236          0          0          0          0        216   depilogue.o
        60         10          0          0          0         68   dfixui.o
        28          4          0          0          0         68   dfltui.o
       208          6          0          0          0         88   dmul.o

    ----------------------------------------------------------------------
       730         36          0          0          0        716   Library Totals
         2          0          0          0          0          0   (incl. Padding)

    ----------------------------------------------------------------------

      Code (inc. data)   RO Data    RW Data    ZI Data      Debug   Library Name

       196         16          0          0          0        276   mc_p.l
       532         20          0          0          0        440   mf_p.l

    ----------------------------------------------------------------------
       730         36          0          0          0        716   Library Totals

    ----------------------------------------------------------------------

==============================================================================


      Code (inc. data)   RO Data    RW Data    ZI Data      Debug   

      7312        616        820        152        552     230536   Grand Totals
      7312        616        820        152        552     230536   ELF Image Totals
      7312        616        820        152          0          0   ROM Totals

==============================================================================

    Total RO  Size (Code + RO Data)                 8132 (   7.94kB)
    Total RW  Size (RW Data + ZI Data)               704 (   0.69kB)
    Total ROM Size (Code + RO Data + RW Data)       8284 (   8.09kB)

==============================================================================

