Component: ARM Compiler 5.06 update 5 (build 528) Tool: armlink [4d35e2]

==============================================================================

Small function inlining results

Inlined total of 0 calls.

==============================================================================

Image Symbol Table

    Local Symbols

    Symbol Name                              Value     Ov Type        Size  Object(Section)

    RESET                                    0x00000000   Section      192  startup_mini51series.o(RESET)
    ../clib/microlib/division.c              0x00000000   Number         0  uidiv.o ABSOLUTE
    ../clib/microlib/division.c              0x00000000   Number         0  uldiv.o ABSOLUTE
    ../clib/microlib/init/entry.s            0x00000000   Number         0  entry11a.o ABSOLUTE
    ../clib/microlib/init/entry.s            0x00000000   Number         0  entry10b.o ABSOLUTE
    ../clib/microlib/init/entry.s            0x00000000   Number         0  entry10a.o ABSOLUTE
    ../clib/microlib/init/entry.s            0x00000000   Number         0  entry9b.o ABSOLUTE
    ../clib/microlib/init/entry.s            0x00000000   Number         0  entry9a.o ABSOLUTE
    ../clib/microlib/init/entry.s            0x00000000   Number         0  entry8a.o ABSOLUTE
    ../clib/microlib/init/entry.s            0x00000000   Number         0  entry7b.o ABSOLUTE
    ../clib/microlib/init/entry.s            0x00000000   Number         0  entry11b.o ABSOLUTE
    ../clib/microlib/init/entry.s            0x00000000   Number         0  entry7a.o ABSOLUTE
    ../clib/microlib/init/entry.s            0x00000000   Number         0  entry8b.o ABSOLUTE
    ../clib/microlib/init/entry.s            0x00000000   Number         0  entry5.o ABSOLUTE
    ../clib/microlib/init/entry.s            0x00000000   Number         0  entry2.o ABSOLUTE
    ../clib/microlib/init/entry.s            0x00000000   Number         0  entry.o ABSOLUTE
    ../clib/microlib/longlong.c              0x00000000   Number         0  llsshr.o ABSOLUTE
    ../clib/microlib/longlong.c              0x00000000   Number         0  llshl.o ABSOLUTE
    ../clib/microlib/longlong.c              0x00000000   Number         0  llushr.o ABSOLUTE
    ../clib/microlib/printf/printf.c         0x00000000   Number         0  printfb.o ABSOLUTE
    ../clib/microlib/printf/printf.c         0x00000000   Number         0  printf5.o ABSOLUTE
    ../clib/microlib/printf/printf.c         0x00000000   Number         0  printf8.o ABSOLUTE
    ../clib/microlib/printf/printf.c         0x00000000   Number         0  printf7.o ABSOLUTE
    ../clib/microlib/printf/printf.c         0x00000000   Number         0  printf6.o ABSOLUTE
    ../clib/microlib/printf/printf.c         0x00000000   Number         0  printf4.o ABSOLUTE
    ../clib/microlib/printf/printf.c         0x00000000   Number         0  printf3.o ABSOLUTE
    ../clib/microlib/printf/printf.c         0x00000000   Number         0  printf2.o ABSOLUTE
    ../clib/microlib/printf/printf.c         0x00000000   Number         0  printf1.o ABSOLUTE
    ../clib/microlib/printf/printf.c         0x00000000   Number         0  printf0.o ABSOLUTE
    ../clib/microlib/printf/printf.c         0x00000000   Number         0  printfa.o ABSOLUTE
    ../clib/microlib/printf/stubs.s          0x00000000   Number         0  stubs.o ABSOLUTE
    ../clib/microlib/stubs.s                 0x00000000   Number         0  iusefp.o ABSOLUTE
    ../fplib/microlib/fpadd.c                0x00000000   Number         0  dadd.o ABSOLUTE
    ../fplib/microlib/fpdiv.c                0x00000000   Number         0  fdiv.o ABSOLUTE
    ../fplib/microlib/fpdiv.c                0x00000000   Number         0  ddiv.o ABSOLUTE
    ../fplib/microlib/fpepilogue.c           0x00000000   Number         0  depilogue.o ABSOLUTE
    ../fplib/microlib/fpepilogue.c           0x00000000   Number         0  fepilogue.o ABSOLUTE
    ../fplib/microlib/fpfix.c                0x00000000   Number         0  dfixui.o ABSOLUTE
    ../fplib/microlib/fpfix.c                0x00000000   Number         0  ffixui.o ABSOLUTE
    ../fplib/microlib/fpfix.c                0x00000000   Number         0  dfixul.o ABSOLUTE
    ../fplib/microlib/fpflt.c                0x00000000   Number         0  dfltui.o ABSOLUTE
    ../fplib/microlib/fpflt.c                0x00000000   Number         0  ffltui.o ABSOLUTE
    ../fplib/microlib/fpmul.c                0x00000000   Number         0  dmul.o ABSOLUTE
    ../fplib/microlib/fpmul.c                0x00000000   Number         0  fmul.o ABSOLUTE
    D:\Keil_v5\ARM\PACK\Nuvoton\NuMicro_DFP\1.1.0\Device\Mini51\Driver\acmp.c 0x00000000   Number         0  acmp.o ABSOLUTE
    D:\Keil_v5\ARM\PACK\Nuvoton\NuMicro_DFP\1.1.0\Device\Mini51\Driver\adc.c 0x00000000   Number         0  adc.o ABSOLUTE
    D:\Keil_v5\ARM\PACK\Nuvoton\NuMicro_DFP\1.1.0\Device\Mini51\Driver\clk.c 0x00000000   Number         0  clk.o ABSOLUTE
    D:\Keil_v5\ARM\PACK\Nuvoton\NuMicro_DFP\1.1.0\Device\Mini51\Driver\fmc.c 0x00000000   Number         0  fmc.o ABSOLUTE
    D:\Keil_v5\ARM\PACK\Nuvoton\NuMicro_DFP\1.1.0\Device\Mini51\Driver\gpio.c 0x00000000   Number         0  gpio.o ABSOLUTE
    D:\Keil_v5\ARM\PACK\Nuvoton\NuMicro_DFP\1.1.0\Device\Mini51\Driver\i2c.c 0x00000000   Number         0  i2c.o ABSOLUTE
    D:\Keil_v5\ARM\PACK\Nuvoton\NuMicro_DFP\1.1.0\Device\Mini51\Driver\pwm.c 0x00000000   Number         0  pwm.o ABSOLUTE
    D:\Keil_v5\ARM\PACK\Nuvoton\NuMicro_DFP\1.1.0\Device\Mini51\Driver\spi.c 0x00000000   Number         0  spi.o ABSOLUTE
    D:\Keil_v5\ARM\PACK\Nuvoton\NuMicro_DFP\1.1.0\Device\Mini51\Driver\sys.c 0x00000000   Number         0  sys.o ABSOLUTE
    D:\Keil_v5\ARM\PACK\Nuvoton\NuMicro_DFP\1.1.0\Device\Mini51\Driver\timer.c 0x00000000   Number         0  timer.o ABSOLUTE
    D:\Keil_v5\ARM\PACK\Nuvoton\NuMicro_DFP\1.1.0\Device\Mini51\Driver\uart.c 0x00000000   Number         0  uart.o ABSOLUTE
    D:\Keil_v5\ARM\PACK\Nuvoton\NuMicro_DFP\1.1.0\Device\Mini51\Driver\wdt.c 0x00000000   Number         0  wdt.o ABSOLUTE
    D:\\Keil_v5\\ARM\\PACK\\Nuvoton\\NuMicro_DFP\\1.1.0\\Device\\Mini51\\Driver\\acmp.c 0x00000000   Number         0  acmp.o ABSOLUTE
    D:\\Keil_v5\\ARM\\PACK\\Nuvoton\\NuMicro_DFP\\1.1.0\\Device\\Mini51\\Driver\\adc.c 0x00000000   Number         0  adc.o ABSOLUTE
    D:\\Keil_v5\\ARM\\PACK\\Nuvoton\\NuMicro_DFP\\1.1.0\\Device\\Mini51\\Driver\\clk.c 0x00000000   Number         0  clk.o ABSOLUTE
    D:\\Keil_v5\\ARM\\PACK\\Nuvoton\\NuMicro_DFP\\1.1.0\\Device\\Mini51\\Driver\\fmc.c 0x00000000   Number         0  fmc.o ABSOLUTE
    D:\\Keil_v5\\ARM\\PACK\\Nuvoton\\NuMicro_DFP\\1.1.0\\Device\\Mini51\\Driver\\gpio.c 0x00000000   Number         0  gpio.o ABSOLUTE
    D:\\Keil_v5\\ARM\\PACK\\Nuvoton\\NuMicro_DFP\\1.1.0\\Device\\Mini51\\Driver\\i2c.c 0x00000000   Number         0  i2c.o ABSOLUTE
    D:\\Keil_v5\\ARM\\PACK\\Nuvoton\\NuMicro_DFP\\1.1.0\\Device\\Mini51\\Driver\\pwm.c 0x00000000   Number         0  pwm.o ABSOLUTE
    D:\\Keil_v5\\ARM\\PACK\\Nuvoton\\NuMicro_DFP\\1.1.0\\Device\\Mini51\\Driver\\spi.c 0x00000000   Number         0  spi.o ABSOLUTE
    D:\\Keil_v5\\ARM\\PACK\\Nuvoton\\NuMicro_DFP\\1.1.0\\Device\\Mini51\\Driver\\sys.c 0x00000000   Number         0  sys.o ABSOLUTE
    D:\\Keil_v5\\ARM\\PACK\\Nuvoton\\NuMicro_DFP\\1.1.0\\Device\\Mini51\\Driver\\timer.c 0x00000000   Number         0  timer.o ABSOLUTE
    D:\\Keil_v5\\ARM\\PACK\\Nuvoton\\NuMicro_DFP\\1.1.0\\Device\\Mini51\\Driver\\uart.c 0x00000000   Number         0  uart.o ABSOLUTE
    D:\\Keil_v5\\ARM\\PACK\\Nuvoton\\NuMicro_DFP\\1.1.0\\Device\\Mini51\\Driver\\wdt.c 0x00000000   Number         0  wdt.o ABSOLUTE
    RTE\Device\Mini54ZDE\retarget.c          0x00000000   Number         0  retarget.o ABSOLUTE
    RTE\Device\Mini54ZDE\startup_Mini51Series.s 0x00000000   Number         0  startup_mini51series.o ABSOLUTE
    RTE\Device\Mini54ZDE\system_Mini51Series.c 0x00000000   Number         0  system_mini51series.o ABSOLUTE
    RTE\\Device\\Mini54ZDE\\retarget.c       0x00000000   Number         0  retarget.o ABSOLUTE
    RTE\\Device\\Mini54ZDE\\system_Mini51Series.c 0x00000000   Number         0  system_mini51series.o ABSOLUTE
    User\BLDCSensorLess.c                    0x00000000   Number         0  bldcsensorless.o ABSOLUTE
    User\Communication.c                     0x00000000   Number         0  communication.o ABSOLUTE
    User\Error.c                             0x00000000   Number         0  error.o ABSOLUTE
    User\Protection.c                        0x00000000   Number         0  protection.o ABSOLUTE
    User\\BLDCSensorLess.c                   0x00000000   Number         0  bldcsensorless.o ABSOLUTE
    User\\Communication.c                    0x00000000   Number         0  communication.o ABSOLUTE
    User\\Error.c                            0x00000000   Number         0  error.o ABSOLUTE
    User\\Protection.c                       0x00000000   Number         0  protection.o ABSOLUTE
    User\\it.c                               0x00000000   Number         0  it.o ABSOLUTE
    User\\main.c                             0x00000000   Number         0  main.o ABSOLUTE
    User\it.c                                0x00000000   Number         0  it.o ABSOLUTE
    User\main.c                              0x00000000   Number         0  main.o ABSOLUTE
    cdrcmple.s                               0x00000000   Number         0  cdrcmple.o ABSOLUTE
    handlers.s                               0x00000000   Number         0  handlers.o ABSOLUTE
    init.s                                   0x00000000   Number         0  init.o ABSOLUTE
    .ARM.Collect$$$$00000000                 0x000000c0   Section        0  entry.o(.ARM.Collect$$$$00000000)
    .ARM.Collect$$$$00000001                 0x000000c0   Section        4  entry2.o(.ARM.Collect$$$$00000001)
    .ARM.Collect$$$$00000004                 0x000000c4   Section        4  entry5.o(.ARM.Collect$$$$00000004)
    .ARM.Collect$$$$00000008                 0x000000c8   Section        0  entry7b.o(.ARM.Collect$$$$00000008)
    .ARM.Collect$$$$0000000A                 0x000000c8   Section        0  entry8b.o(.ARM.Collect$$$$0000000A)
    .ARM.Collect$$$$0000000B                 0x000000c8   Section        8  entry9a.o(.ARM.Collect$$$$0000000B)
    .ARM.Collect$$$$0000000D                 0x000000d0   Section        0  entry10a.o(.ARM.Collect$$$$0000000D)
    .ARM.Collect$$$$0000000F                 0x000000d0   Section        0  entry11a.o(.ARM.Collect$$$$0000000F)
    .ARM.Collect$$$$00002712                 0x000000d0   Section        4  entry2.o(.ARM.Collect$$$$00002712)
    __lit__00000000                          0x000000d0   Data           4  entry2.o(.ARM.Collect$$$$00002712)
    .emb_text                                0x000000d4   Section       28  retarget.o(.emb_text)
    .text                                    0x000000f0   Section        0  main.o(.text)
    __NVIC_SetPriority                       0x000000f1   Thumb Code    60  main.o(.text)
    __NVIC_EnableIRQ                         0x00000629   Thumb Code    18  main.o(.text)
    .text                                    0x0000065c   Section        0  communication.o(.text)
    .text                                    0x0000083c   Section        0  it.o(.text)
    .text                                    0x00000af4   Section        0  error.o(.text)
    .text                                    0x00000bd0   Section        0  protection.o(.text)
    .text                                    0x00000c34   Section        0  adc.o(.text)
    .text                                    0x00000d00   Section        0  clk.o(.text)
    .text                                    0x00000ed0   Section        0  gpio.o(.text)
    .text                                    0x00000f2c   Section        0  pwm.o(.text)
    .text                                    0x0000123c   Section        0  spi.o(.text)
    .text                                    0x00001408   Section        0  sys.o(.text)
    .text                                    0x000014d4   Section        0  retarget.o(.text)
    __tagsym$$used                           0x0000151b   Number         0  retarget.o(.text)
    .text                                    0x000015fc   Section       20  startup_mini51series.o(.text)
    Default_Handler                          0x0000160b   Thumb Code     2  startup_mini51series.o(.text)
    .text                                    0x00001610   Section        0  system_mini51series.o(.text)
    .text                                    0x00001660   Section        0  uidiv.o(.text)
    .text                                    0x0000168c   Section        0  uldiv.o(.text)
    .text                                    0x000016ec   Section        0  llushr.o(.text)
    .text                                    0x00001710   Section       36  init.o(.text)
    .text                                    0x00001734   Section        0  llshl.o(.text)
    i.BLDC_stopMotor                         0x00001754   Section        0  bldcsensorless.o(i.BLDC_stopMotor)
    i.__0printf$5                            0x000017b4   Section        0  printf5.o(i.__0printf$5)
    i.__ARM_common_switch8                   0x000017d4   Section        0  bldcsensorless.o(i.__ARM_common_switch8)
    i.__scatterload_copy                     0x000017ee   Section       14  handlers.o(i.__scatterload_copy)
    i.__scatterload_null                     0x000017fc   Section        2  handlers.o(i.__scatterload_null)
    i.__scatterload_zeroinit                 0x000017fe   Section       14  handlers.o(i.__scatterload_zeroinit)
    i._printf_core                           0x0000180c   Section        0  printf5.o(i._printf_core)
    _printf_core                             0x0000180d   Thumb Code   688  printf5.o(i._printf_core)
    .constdata                               0x00001ae8   Section       32  error.o(.constdata)
    .data                                    0x20000000   Section        4  main.o(.data)
    .data                                    0x20000004   Section       24  bldcsensorless.o(.data)
    tMotorState                              0x20000004   Data           1  bldcsensorless.o(.data)
    tRotateDetectState                       0x20000005   Data           1  bldcsensorless.o(.data)
    unLocateIndex                            0x20000006   Data           1  bldcsensorless.o(.data)
    unPhaseChangeCNT_AtCurrentPeriod         0x20000007   Data           1  bldcsensorless.o(.data)
    unPhaseChangeCNT_AtCurrentDuty           0x20000008   Data           1  bldcsensorless.o(.data)
    unPeriodChangeCNT_AfterPR_ReachMini      0x2000000c   Data           2  bldcsensorless.o(.data)
    unLastPhaseChangeTime                    0x20000010   Data           4  bldcsensorless.o(.data)
    unRotateDetectStartTime                  0x20000014   Data           4  bldcsensorless.o(.data)
    .data                                    0x2000001c   Section        1  bldcsensorless.o(.data)
    .data                                    0x20000020   Section        4  bldcsensorless.o(.data)
    .data                                    0x20000024   Section      536  communication.o(.data)
    unRegSelect                              0x20000024   Data           1  communication.o(.data)
    tSPI_LastState                           0x20000025   Data           1  communication.o(.data)
    unReadValue                              0x20000026   Data           2  communication.o(.data)
    unSPI_RX_Value                           0x20000028   Data           2  communication.o(.data)
    unLastFrameCNT                           0x2000002c   Data           4  communication.o(.data)
    unLastCheckTime                          0x20000030   Data           4  communication.o(.data)
    unCOM_SPI_ReadData                       0x20000034   Data           8  communication.o(.data)
    .data                                    0x2000023c   Section       24  it.o(.data)
    iBatteryLowCNT                           0x2000023c   Data           2  it.o(.data)
    iTempDeltaZXD                            0x20000240   Data           4  it.o(.data)
    iHalfPeriod                              0x20000244   Data           4  it.o(.data)
    iADC_ComparatorFlag                      0x20000248   Data           4  it.o(.data)
    iSystemTickTemp                          0x2000024c   Data           4  it.o(.data)
    iBatteryLowLastTimeRCD                   0x20000250   Data           4  it.o(.data)
    .data                                    0x20000254   Section       12  error.o(.data)
    tLastErrorType                           0x20000254   Data           1  error.o(.data)
    unLastErrorChangeTime                    0x20000258   Data           4  error.o(.data)
    .data                                    0x20000260   Section       24  protection.o(.data)
    .data                                    0x20000278   Section        4  retarget.o(.data)
    .data                                    0x2000027c   Section        8  system_mini51series.o(.data)
    .bss                                     0x20000284   Section       52  bldcsensorless.o(.bss)
    STACK                                    0x200002b8   Section      512  startup_mini51series.o(STACK)

    Global Symbols

    Symbol Name                              Value     Ov Type        Size  Object(Section)

    BuildAttributes$$THM_ISAv3M$S$PE$A:L22$X:L11$S22$IEEE1$IW$USESV6$~STKCKD$USESV7$~SHL$OTIME$ROPI$EBA8$MICROLIB$REQ8$PRES8$EABIv2 0x00000000   Number         0  anon$$obj.o ABSOLUTE
    __ARM_use_no_argv                        0x00000000   Number         0  main.o ABSOLUTE
    __Vectors                                0x00000000   Data           4  startup_mini51series.o(RESET)
    _printf_a                                0x00000000   Number         0  stubs.o ABSOLUTE
    _printf_c                                0x00000000   Number         0  stubs.o ABSOLUTE
    _printf_charcount                        0x00000000   Number         0  stubs.o ABSOLUTE
    _printf_d                                0x00000000   Number         0  stubs.o ABSOLUTE
    _printf_e                                0x00000000   Number         0  stubs.o ABSOLUTE
    _printf_f                                0x00000000   Number         0  stubs.o ABSOLUTE
    _printf_flags                            0x00000000   Number         0  stubs.o ABSOLUTE
    _printf_fp_dec                           0x00000000   Number         0  stubs.o ABSOLUTE
    _printf_fp_hex                           0x00000000   Number         0  stubs.o ABSOLUTE
    _printf_g                                0x00000000   Number         0  stubs.o ABSOLUTE
    _printf_i                                0x00000000   Number         0  stubs.o ABSOLUTE
    _printf_int_dec                          0x00000000   Number         0  stubs.o ABSOLUTE
    _printf_l                                0x00000000   Number         0  stubs.o ABSOLUTE
    _printf_lc                               0x00000000   Number         0  stubs.o ABSOLUTE
    _printf_ll                               0x00000000   Number         0  stubs.o ABSOLUTE
    _printf_lld                              0x00000000   Number         0  stubs.o ABSOLUTE
    _printf_lli                              0x00000000   Number         0  stubs.o ABSOLUTE
    _printf_llo                              0x00000000   Number         0  stubs.o ABSOLUTE
    _printf_llu                              0x00000000   Number         0  stubs.o ABSOLUTE
    _printf_llx                              0x00000000   Number         0  stubs.o ABSOLUTE
    _printf_longlong_dec                     0x00000000   Number         0  stubs.o ABSOLUTE
    _printf_longlong_hex                     0x00000000   Number         0  stubs.o ABSOLUTE
    _printf_longlong_oct                     0x00000000   Number         0  stubs.o ABSOLUTE
    _printf_ls                               0x00000000   Number         0  stubs.o ABSOLUTE
    _printf_mbtowc                           0x00000000   Number         0  stubs.o ABSOLUTE
    _printf_n                                0x00000000   Number         0  stubs.o ABSOLUTE
    _printf_o                                0x00000000   Number         0  stubs.o ABSOLUTE
    _printf_p                                0x00000000   Number         0  stubs.o ABSOLUTE
    _printf_percent                          0x00000000   Number         0  stubs.o ABSOLUTE
    _printf_pre_padding                      0x00000000   Number         0  stubs.o ABSOLUTE
    _printf_return_value                     0x00000000   Number         0  stubs.o ABSOLUTE
    _printf_s                                0x00000000   Number         0  stubs.o ABSOLUTE
    _printf_sizespec                         0x00000000   Number         0  stubs.o ABSOLUTE
    _printf_str                              0x00000000   Number         0  stubs.o ABSOLUTE
    _printf_truncate_signed                  0x00000000   Number         0  stubs.o ABSOLUTE
    _printf_truncate_unsigned                0x00000000   Number         0  stubs.o ABSOLUTE
    _printf_u                                0x00000000   Number         0  stubs.o ABSOLUTE
    _printf_wc                               0x00000000   Number         0  stubs.o ABSOLUTE
    _printf_wctomb                           0x00000000   Number         0  stubs.o ABSOLUTE
    _printf_widthprec                        0x00000000   Number         0  stubs.o ABSOLUTE
    _printf_x                                0x00000000   Number         0  stubs.o ABSOLUTE
    __cpp_initialize__aeabi_                  - Undefined Weak Reference
    __cxa_finalize                            - Undefined Weak Reference
    __decompress                              - Undefined Weak Reference
    _clock_init                               - Undefined Weak Reference
    _microlib_exit                            - Undefined Weak Reference
    __main                                   0x000000c1   Thumb Code     0  entry.o(.ARM.Collect$$$$00000000)
    _main_stk                                0x000000c1   Thumb Code     0  entry2.o(.ARM.Collect$$$$00000001)
    _main_scatterload                        0x000000c5   Thumb Code     0  entry5.o(.ARM.Collect$$$$00000004)
    __main_after_scatterload                 0x000000c9   Thumb Code     0  entry5.o(.ARM.Collect$$$$00000004)
    _main_clock                              0x000000c9   Thumb Code     0  entry7b.o(.ARM.Collect$$$$00000008)
    _main_cpp_init                           0x000000c9   Thumb Code     0  entry8b.o(.ARM.Collect$$$$0000000A)
    _main_init                               0x000000c9   Thumb Code     0  entry9a.o(.ARM.Collect$$$$0000000B)
    __rt_final_cpp                           0x000000d1   Thumb Code     0  entry10a.o(.ARM.Collect$$$$0000000D)
    __rt_final_exit                          0x000000d1   Thumb Code     0  entry11a.o(.ARM.Collect$$$$0000000F)
    HardFault_Handler                        0x000000d5   Thumb Code    24  retarget.o(.emb_text)
    initClk                                  0x0000012d   Thumb Code   190  main.o(.text)
    initIRQ                                  0x000001eb   Thumb Code    98  main.o(.text)
    initGPIO                                 0x0000024d   Thumb Code   348  main.o(.text)
    configTIM                                0x000003a9   Thumb Code    12  main.o(.text)
    configADC                                0x000003b5   Thumb Code    74  main.o(.text)
    configSPI                                0x000003ff   Thumb Code    68  main.o(.text)
    initPWM                                  0x00000443   Thumb Code   330  main.o(.text)
    initSys                                  0x0000058d   Thumb Code    66  main.o(.text)
    initEnv                                  0x000005cf   Thumb Code    22  main.o(.text)
    main                                     0x000005e5   Thumb Code    68  main.o(.text)
    calCRC16                                 0x0000065d   Thumb Code    46  communication.o(.text)
    nReadCommandHandler                      0x0000068b   Thumb Code    50  communication.o(.text)
    nWriteCommandHandler                     0x000006bd   Thumb Code   102  communication.o(.text)
    COMM_Manager                             0x00000723   Thumb Code   256  communication.o(.text)
    TMR0_IRQHandler                          0x0000083d   Thumb Code    76  it.o(.text)
    PhaseZXDedHandler                        0x00000889   Thumb Code   112  it.o(.text)
    TMR1_IRQHandler                          0x000008f9   Thumb Code    96  it.o(.text)
    ACMP_IRQHandler                          0x00000959   Thumb Code    58  it.o(.text)
    ADC_IRQHandler                           0x00000993   Thumb Code   244  it.o(.text)
    SPI_IRQHandler                           0x00000a87   Thumb Code    40  it.o(.text)
    SysTick_Handler                          0x00000aaf   Thumb Code    10  it.o(.text)
    delay                                    0x00000af5   Thumb Code    18  error.o(.text)
    clearError                               0x00000b07   Thumb Code     8  error.o(.text)
    resetError                               0x00000b0f   Thumb Code    20  error.o(.text)
    setError                                 0x00000b23   Thumb Code    26  error.o(.text)
    getPrecedenceError                       0x00000b3d   Thumb Code    28  error.o(.text)
    LEDBlinkHandler                          0x00000b59   Thumb Code    68  error.o(.text)
    ERR_Manager                              0x00000b9d   Thumb Code    36  error.o(.text)
    PTC_checkMotor                           0x00000bd1   Thumb Code    70  protection.o(.text)
    ADC_Open                                 0x00000c35   Thumb Code    18  adc.o(.text)
    ADC_Close                                0x00000c47   Thumb Code    22  adc.o(.text)
    ADC_EnableHWTrigger                      0x00000c5d   Thumb Code    54  adc.o(.text)
    ADC_DisableHWTrigger                     0x00000c93   Thumb Code    14  adc.o(.text)
    ADC_SetExtraSampleTime                   0x00000ca1   Thumb Code    16  adc.o(.text)
    ADC_EnableInt                            0x00000cb1   Thumb Code    38  adc.o(.text)
    ADC_DisableInt                           0x00000cd7   Thumb Code    38  adc.o(.text)
    CLK_DisableCKO                           0x00000d01   Thumb Code    12  clk.o(.text)
    CLK_EnableCKO                            0x00000d0d   Thumb Code    32  clk.o(.text)
    CLK_PowerDown                            0x00000d2d   Thumb Code    20  clk.o(.text)
    CLK_Idle                                 0x00000d41   Thumb Code    14  clk.o(.text)
    CLK_GetHXTFreq                           0x00000d4f   Thumb Code    12  clk.o(.text)
    CLK_GetLXTFreq                           0x00000d5b   Thumb Code    18  clk.o(.text)
    CLK_GetHCLKFreq                          0x00000d6d   Thumb Code    12  clk.o(.text)
    CLK_GetCPUFreq                           0x00000d79   Thumb Code    12  clk.o(.text)
    CLK_SetHCLK                              0x00000d85   Thumb Code    24  clk.o(.text)
    CLK_SetModuleClock                       0x00000d9d   Thumb Code    76  clk.o(.text)
    CLK_SetSysTickClockSrc                   0x00000de9   Thumb Code    14  clk.o(.text)
    CLK_EnableSysTick                        0x00000df7   Thumb Code    54  clk.o(.text)
    CLK_DisableSysTick                       0x00000e2d   Thumb Code     8  clk.o(.text)
    CLK_EnableXtalRC                         0x00000e35   Thumb Code    10  clk.o(.text)
    CLK_DisableXtalRC                        0x00000e3f   Thumb Code    10  clk.o(.text)
    CLK_EnableModuleClock                    0x00000e49   Thumb Code    24  clk.o(.text)
    CLK_DisableModuleClock                   0x00000e61   Thumb Code    24  clk.o(.text)
    CLK_SysTickDelay                         0x00000e79   Thumb Code    28  clk.o(.text)
    CLK_WaitClockReady                       0x00000e95   Thumb Code    36  clk.o(.text)
    GPIO_SetMode                             0x00000ed1   Thumb Code    40  gpio.o(.text)
    GPIO_EnableInt                           0x00000ef9   Thumb Code    26  gpio.o(.text)
    GPIO_DisableInt                          0x00000f13   Thumb Code    22  gpio.o(.text)
    PWM_ConfigOutputChannel                  0x00000f2d   Thumb Code   232  pwm.o(.text)
    PWM_Start                                0x00001015   Thumb Code    40  pwm.o(.text)
    PWM_Stop                                 0x0000103d   Thumb Code    32  pwm.o(.text)
    PWM_ForceStop                            0x0000105d   Thumb Code    40  pwm.o(.text)
    PWM_EnableADCTrigger                     0x00001085   Thumb Code    44  pwm.o(.text)
    PWM_DisableADCTrigger                    0x000010b1   Thumb Code    34  pwm.o(.text)
    PWM_ClearADCTriggerFlag                  0x000010d3   Thumb Code    32  pwm.o(.text)
    PWM_GetADCTriggerFlag                    0x000010f3   Thumb Code    26  pwm.o(.text)
    PWM_EnableFaultBrake                     0x0000110d   Thumb Code    12  pwm.o(.text)
    PWM_ClearFaultBrakeFlag                  0x00001119   Thumb Code    10  pwm.o(.text)
    PWM_EnableOutput                         0x00001123   Thumb Code    12  pwm.o(.text)
    PWM_DisableOutput                        0x0000112f   Thumb Code    12  pwm.o(.text)
    PWM_EnableDeadZone                       0x0000113b   Thumb Code    38  pwm.o(.text)
    PWM_DisableDeadZone                      0x00001161   Thumb Code    16  pwm.o(.text)
    PWM_EnableDutyInt                        0x00001171   Thumb Code    16  pwm.o(.text)
    PWM_DisableDutyInt                       0x00001181   Thumb Code    16  pwm.o(.text)
    PWM_ClearDutyIntFlag                     0x00001191   Thumb Code    14  pwm.o(.text)
    PWM_GetDutyIntFlag                       0x0000119f   Thumb Code    20  pwm.o(.text)
    PWM_EnableFaultBrakeInt                  0x000011b3   Thumb Code    16  pwm.o(.text)
    PWM_DisableFaultBrakeInt                 0x000011c3   Thumb Code    16  pwm.o(.text)
    PWM_ClearFaultBrakeIntFlag               0x000011d3   Thumb Code     8  pwm.o(.text)
    PWM_GetFaultBrakeIntFlag                 0x000011db   Thumb Code    14  pwm.o(.text)
    PWM_EnablePeriodInt                      0x000011e9   Thumb Code    26  pwm.o(.text)
    PWM_DisablePeriodInt                     0x00001203   Thumb Code    16  pwm.o(.text)
    PWM_ClearPeriodIntFlag                   0x00001213   Thumb Code    12  pwm.o(.text)
    PWM_GetPeriodIntFlag                     0x0000121f   Thumb Code    18  pwm.o(.text)
    SPI_Open                                 0x0000123d   Thumb Code    88  spi.o(.text)
    SPI_Close                                0x00001295   Thumb Code    22  spi.o(.text)
    SPI_ClearRxFIFO                          0x000012ab   Thumb Code    10  spi.o(.text)
    SPI_ClearTxFIFO                          0x000012b5   Thumb Code    10  spi.o(.text)
    SPI_DisableAutoSS                        0x000012bf   Thumb Code    10  spi.o(.text)
    SPI_EnableAutoSS                         0x000012c9   Thumb Code    20  spi.o(.text)
    SPI_SetBusClock                          0x000012dd   Thumb Code    68  spi.o(.text)
    SPI_EnableFIFO                           0x00001321   Thumb Code    32  spi.o(.text)
    SPI_DisableFIFO                          0x00001341   Thumb Code    12  spi.o(.text)
    SPI_GetBusClock                          0x0000134d   Thumb Code    22  spi.o(.text)
    SPI_EnableInt                            0x00001363   Thumb Code    80  spi.o(.text)
    SPI_DisableInt                           0x000013b3   Thumb Code    80  spi.o(.text)
    SYS_ClearResetSrc                        0x00001409   Thumb Code    12  sys.o(.text)
    SYS_GetBODStatus                         0x00001415   Thumb Code    12  sys.o(.text)
    SYS_GetResetSrc                          0x00001421   Thumb Code     8  sys.o(.text)
    SYS_IsRegLocked                          0x00001429   Thumb Code    10  sys.o(.text)
    SYS_LockReg                              0x00001433   Thumb Code     8  sys.o(.text)
    SYS_UnlockReg                            0x0000143b   Thumb Code    26  sys.o(.text)
    SYS_ReadPDID                             0x00001455   Thumb Code     8  sys.o(.text)
    SYS_ResetChip                            0x0000145d   Thumb Code    14  sys.o(.text)
    SYS_ResetCPU                             0x0000146b   Thumb Code    14  sys.o(.text)
    SYS_ResetModule                          0x00001479   Thumb Code    28  sys.o(.text)
    SYS_EnableBOD                            0x00001495   Thumb Code    36  sys.o(.text)
    SYS_DisableBOD                           0x000014b9   Thumb Code    22  sys.o(.text)
    stackDump                                0x000014d5   Thumb Code    70  retarget.o(.text)
    Hard_Fault_Handler                       0x0000151b   Thumb Code    16  retarget.o(.text)
    SendChar_ToUART                          0x0000152b   Thumb Code    26  retarget.o(.text)
    SendChar                                 0x00001545   Thumb Code     2  retarget.o(.text)
    GetChar                                  0x00001547   Thumb Code    14  retarget.o(.text)
    kbhit                                    0x00001555   Thumb Code    12  retarget.o(.text)
    IsDebugFifoEmpty                         0x00001561   Thumb Code    10  retarget.o(.text)
    _ttywrch                                 0x0000156b   Thumb Code     2  retarget.o(.text)
    fputc                                    0x0000156d   Thumb Code    12  retarget.o(.text)
    fgetc                                    0x00001579   Thumb Code     2  retarget.o(.text)
    ferror                                   0x0000157b   Thumb Code     6  retarget.o(.text)
    Reset_Handler                            0x000015fd   Thumb Code     4  startup_mini51series.o(.text)
    NMI_Handler                              0x00001601   Thumb Code     2  startup_mini51series.o(.text)
    SVC_Handler                              0x00001605   Thumb Code     2  startup_mini51series.o(.text)
    PendSV_Handler                           0x00001607   Thumb Code     2  startup_mini51series.o(.text)
    BOD_IRQHandler                           0x0000160b   Thumb Code     0  startup_mini51series.o(.text)
    EINT0_IRQHandler                         0x0000160b   Thumb Code     0  startup_mini51series.o(.text)
    EINT1_IRQHandler                         0x0000160b   Thumb Code     0  startup_mini51series.o(.text)
    FB_IRQHandler                            0x0000160b   Thumb Code     0  startup_mini51series.o(.text)
    GPIO01_IRQHandler                        0x0000160b   Thumb Code     0  startup_mini51series.o(.text)
    GPIO234_IRQHandler                       0x0000160b   Thumb Code     0  startup_mini51series.o(.text)
    GPIO5_IRQHandler                         0x0000160b   Thumb Code     0  startup_mini51series.o(.text)
    HIRC_IRQHandler                          0x0000160b   Thumb Code     0  startup_mini51series.o(.text)
    I2C_IRQHandler                           0x0000160b   Thumb Code     0  startup_mini51series.o(.text)
    PDWU_IRQHandler                          0x0000160b   Thumb Code     0  startup_mini51series.o(.text)
    PWM_IRQHandler                           0x0000160b   Thumb Code     0  startup_mini51series.o(.text)
    UART_IRQHandler                          0x0000160b   Thumb Code     0  startup_mini51series.o(.text)
    WDT_IRQHandler                           0x0000160b   Thumb Code     0  startup_mini51series.o(.text)
    SystemCoreClockUpdate                    0x00001611   Thumb Code    56  system_mini51series.o(.text)
    __aeabi_uidiv                            0x00001661   Thumb Code     0  uidiv.o(.text)
    __aeabi_uidivmod                         0x00001661   Thumb Code    44  uidiv.o(.text)
    __aeabi_uldivmod                         0x0000168d   Thumb Code    96  uldiv.o(.text)
    __aeabi_llsr                             0x000016ed   Thumb Code    34  llushr.o(.text)
    _ll_ushift_r                             0x000016ed   Thumb Code     0  llushr.o(.text)
    __scatterload                            0x00001711   Thumb Code    28  init.o(.text)
    __scatterload_rt2                        0x00001711   Thumb Code     0  init.o(.text)
    __aeabi_llsl                             0x00001735   Thumb Code    32  llshl.o(.text)
    _ll_shift_l                              0x00001735   Thumb Code     0  llshl.o(.text)
    BLDC_stopMotor                           0x00001755   Thumb Code    76  bldcsensorless.o(i.BLDC_stopMotor)
    __0printf$5                              0x000017b5   Thumb Code    24  printf5.o(i.__0printf$5)
    __1printf$5                              0x000017b5   Thumb Code     0  printf5.o(i.__0printf$5)
    __2printf                                0x000017b5   Thumb Code     0  printf5.o(i.__0printf$5)
    __ARM_common_switch8                     0x000017d5   Thumb Code    26  bldcsensorless.o(i.__ARM_common_switch8)
    __scatterload_copy                       0x000017ef   Thumb Code    14  handlers.o(i.__scatterload_copy)
    __scatterload_null                       0x000017fd   Thumb Code     2  handlers.o(i.__scatterload_null)
    __scatterload_zeroinit                   0x000017ff   Thumb Code    14  handlers.o(i.__scatterload_zeroinit)
    unLED_BLINK_PATTERN_TABLE                0x00001ae8   Data          32  error.o(.constdata)
    Region$$Table$$Base                      0x00001b08   Number         0  anon$$obj.o(Region$$Table)
    Region$$Table$$Limit                     0x00001b28   Number         0  anon$$obj.o(Region$$Table)
    unSystemTick                             0x20000000   Data           4  main.o(.data)
    unCurrentPhase                           0x20000009   Data           1  bldcsensorless.o(.data)
    FLAG_PHASE_CHANGED                       0x2000000a   Data           1  bldcsensorless.o(.data)
    unLastZXDetectedTime                     0x20000018   Data           4  bldcsensorless.o(.data)
    FLAG_TIM1_USEAGE                         0x2000001c   Data           1  bldcsensorless.o(.data)
    unZXMatchCNT                             0x20000020   Data           4  bldcsensorless.o(.data)
    unReadValueCRC                           0x2000002a   Data           2  communication.o(.data)
    CRC_TABLE16                              0x2000003c   Data         512  communication.o(.data)
    unErrorMaster                            0x2000025c   Data           4  error.o(.data)
    unMosfetTestTable                        0x20000260   Data          24  protection.o(.data)
    __stdout                                 0x20000278   Data           4  retarget.o(.data)
    SystemCoreClock                          0x2000027c   Data           4  system_mini51series.o(.data)
    CyclesPerUs                              0x20000280   Data           4  system_mini51series.o(.data)
    tMotor                                   0x20000284   Data          52  bldcsensorless.o(.bss)
    __initial_sp                             0x200004b8   Data           0  startup_mini51series.o(STACK)



==============================================================================

Memory Map of the image

  Image Entry point : 0x000015fd

  Load Region LR_1 (Base: 0x00000000, Size: 0x00001dac, Max: 0xffffffff, ABSOLUTE)

    Execution Region ER_RO (Exec base: 0x00000000, Load base: 0x00000000, Size: 0x00001b28, Max: 0xffffffff, ABSOLUTE)

    Exec Addr    Load Addr    Size         Type   Attr      Idx    E Section Name        Object

    0x00000000   0x00000000   0x000000c0   Data   RO          618    RESET               startup_mini51series.o
    0x000000c0   0x000000c0   0x00000000   Code   RO          649  * .ARM.Collect$$$$00000000  mc_p.l(entry.o)
    0x000000c0   0x000000c0   0x00000004   Code   RO          927    .ARM.Collect$$$$00000001  mc_p.l(entry2.o)
    0x000000c4   0x000000c4   0x00000004   Code   RO          930    .ARM.Collect$$$$00000004  mc_p.l(entry5.o)
    0x000000c8   0x000000c8   0x00000000   Code   RO          932    .ARM.Collect$$$$00000008  mc_p.l(entry7b.o)
    0x000000c8   0x000000c8   0x00000000   Code   RO          934    .ARM.Collect$$$$0000000A  mc_p.l(entry8b.o)
    0x000000c8   0x000000c8   0x00000008   Code   RO          935    .ARM.Collect$$$$0000000B  mc_p.l(entry9a.o)
    0x000000d0   0x000000d0   0x00000000   Code   RO          937    .ARM.Collect$$$$0000000D  mc_p.l(entry10a.o)
    0x000000d0   0x000000d0   0x00000000   Code   RO          939    .ARM.Collect$$$$0000000F  mc_p.l(entry11a.o)
    0x000000d0   0x000000d0   0x00000004   Code   RO          928    .ARM.Collect$$$$00002712  mc_p.l(entry2.o)
    0x000000d4   0x000000d4   0x0000001c   Code   RO          585    .emb_text           retarget.o
    0x000000f0   0x000000f0   0x0000056c   Code   RO            3    .text               main.o
    0x0000065c   0x0000065c   0x000001e0   Code   RO          202    .text               communication.o
    0x0000083c   0x0000083c   0x000002b8   Code   RO          240    .text               it.o
    0x00000af4   0x00000af4   0x000000dc   Code   RO          267    .text               error.o
    0x00000bd0   0x00000bd0   0x00000064   Code   RO          295    .text               protection.o
    0x00000c34   0x00000c34   0x000000cc   Code   RO          341    .text               adc.o
    0x00000d00   0x00000d00   0x000001d0   Code   RO          361    .text               clk.o
    0x00000ed0   0x00000ed0   0x0000005c   Code   RO          408    .text               gpio.o
    0x00000f2c   0x00000f2c   0x00000310   Code   RO          464    .text               pwm.o
    0x0000123c   0x0000123c   0x000001cc   Code   RO          484    .text               spi.o
    0x00001408   0x00001408   0x000000cc   Code   RO          504    .text               sys.o
    0x000014d4   0x000014d4   0x00000128   Code   RO          586    .text               retarget.o
    0x000015fc   0x000015fc   0x00000014   Code   RO          619  * .text               startup_mini51series.o
    0x00001610   0x00001610   0x00000050   Code   RO          625    .text               system_mini51series.o
    0x00001660   0x00001660   0x0000002c   Code   RO          650    .text               mc_p.l(uidiv.o)
    0x0000168c   0x0000168c   0x00000060   Code   RO          941    .text               mc_p.l(uldiv.o)
    0x000016ec   0x000016ec   0x00000022   Code   RO          943    .text               mc_p.l(llushr.o)
    0x0000170e   0x0000170e   0x00000002   PAD
    0x00001710   0x00001710   0x00000024   Code   RO          960    .text               mc_p.l(init.o)
    0x00001734   0x00001734   0x00000020   Code   RO          962    .text               mc_p.l(llshl.o)
    0x00001754   0x00001754   0x00000060   Code   RO          146    i.BLDC_stopMotor    bldcsensorless.o
    0x000017b4   0x000017b4   0x00000020   Code   RO          785    i.__0printf$5       mc_p.l(printf5.o)
    0x000017d4   0x000017d4   0x0000001a   Code   RO          165    i.__ARM_common_switch8  bldcsensorless.o
    0x000017ee   0x000017ee   0x0000000e   Code   RO          968    i.__scatterload_copy  mc_p.l(handlers.o)
    0x000017fc   0x000017fc   0x00000002   Code   RO          969    i.__scatterload_null  mc_p.l(handlers.o)
    0x000017fe   0x000017fe   0x0000000e   Code   RO          970    i.__scatterload_zeroinit  mc_p.l(handlers.o)
    0x0000180c   0x0000180c   0x000002dc   Code   RO          792    i._printf_core      mc_p.l(printf5.o)
    0x00001ae8   0x00001ae8   0x00000020   Data   RO          268    .constdata          error.o
    0x00001b08   0x00001b08   0x00000020   Data   RO          966    Region$$Table       anon$$obj.o


    Execution Region ER_RW (Exec base: 0x20000000, Load base: 0x00001b28, Size: 0x00000284, Max: 0xffffffff, ABSOLUTE)

    Exec Addr    Load Addr    Size         Type   Attr      Idx    E Section Name        Object

    0x20000000   0x00001b28   0x00000004   Data   RW            7    .data               main.o
    0x20000004   0x00001b2c   0x00000018   Data   RW          121    .data               bldcsensorless.o
    0x2000001c   0x00001b44   0x00000001   Data   RW          122    .data               bldcsensorless.o
    0x2000001d   0x00001b45   0x00000003   PAD
    0x20000020   0x00001b48   0x00000004   Data   RW          123    .data               bldcsensorless.o
    0x20000024   0x00001b4c   0x00000218   Data   RW          203    .data               communication.o
    0x2000023c   0x00001d64   0x00000018   Data   RW          241    .data               it.o
    0x20000254   0x00001d7c   0x0000000c   Data   RW          269    .data               error.o
    0x20000260   0x00001d88   0x00000018   Data   RW          296    .data               protection.o
    0x20000278   0x00001da0   0x00000004   Data   RW          587    .data               retarget.o
    0x2000027c   0x00001da4   0x00000008   Data   RW          626    .data               system_mini51series.o


    Execution Region ER_ZI (Exec base: 0x20000284, Load base: 0x00001dac, Size: 0x00000234, Max: 0xffffffff, ABSOLUTE)

    Exec Addr    Load Addr    Size         Type   Attr      Idx    E Section Name        Object

    0x20000284        -       0x00000034   Zero   RW          119    .bss                bldcsensorless.o
    0x200002b8        -       0x00000200   Zero   RW          616    STACK               startup_mini51series.o


==============================================================================

Image component sizes


      Code (inc. data)   RO Data    RW Data    ZI Data      Debug   Object Name

       204          4          0          0          0       2270   adc.o
       122         20          0         29         52      70873   bldcsensorless.o
       464         24          0          0          0       3878   clk.o
       480         46          0        536          0       4804   communication.o
       220         16         32         12          0       3402   error.o
        92          4          0          0          0      62406   gpio.o
       696         60          0         24          0       4866   it.o
      1388        176          0          4          0      79351   main.o
       100         30          0         24          0       1681   protection.o
       784         12          0          0          0       7454   pwm.o
       324        128          0          4          0       4467   retarget.o
       460          6          0          0          0       3728   spi.o
        20          4        192          0        512        628   startup_mini51series.o
       204          6          0          0          0       2052   sys.o
        80         24          0          8          0        882   system_mini51series.o

    ----------------------------------------------------------------------
      5638        560        256        644        564     252742   Object Totals
         0          0         32          0          0          0   (incl. Generated)
         0          0          0          3          0          0   (incl. Padding)

    ----------------------------------------------------------------------

      Code (inc. data)   RO Data    RW Data    ZI Data      Debug   Library Member Name

         0          0          0          0          0          0   entry.o
         0          0          0          0          0          0   entry10a.o
         0          0          0          0          0          0   entry11a.o
         8          4          0          0          0          0   entry2.o
         4          0          0          0          0          0   entry5.o
         0          0          0          0          0          0   entry7b.o
         0          0          0          0          0          0   entry8b.o
         8          4          0          0          0          0   entry9a.o
        30          0          0          0          0          0   handlers.o
        36          8          0          0          0         68   init.o
        32          0          0          0          0         68   llshl.o
        34          0          0          0          0         68   llushr.o
       764         52          0          0          0        168   printf5.o
        44          0          0          0          0         72   uidiv.o
        96          0          0          0          0         84   uldiv.o

    ----------------------------------------------------------------------
      1058         68          0          0          0        528   Library Totals
         2          0          0          0          0          0   (incl. Padding)

    ----------------------------------------------------------------------

      Code (inc. data)   RO Data    RW Data    ZI Data      Debug   Library Name

      1056         68          0          0          0        528   mc_p.l

    ----------------------------------------------------------------------
      1058         68          0          0          0        528   Library Totals

    ----------------------------------------------------------------------

==============================================================================


      Code (inc. data)   RO Data    RW Data    ZI Data      Debug   

      6696        628        256        644        564     251522   Grand Totals
      6696        628        256        644        564     251522   ELF Image Totals
      6696        628        256        644          0          0   ROM Totals

==============================================================================

    Total RO  Size (Code + RO Data)                 6952 (   6.79kB)
    Total RW  Size (RW Data + ZI Data)              1208 (   1.18kB)
    Total ROM Size (Code + RO Data + RW Data)       7596 (   7.42kB)

==============================================================================

