Component: ARM Compiler 5.06 update 1 (build 61) Tool: armlink [4d35a8]

==============================================================================

Small function inlining results

Inlined total of 0 calls.

==============================================================================

Image Symbol Table

    Local Symbols

    Symbol Name                              Value     Ov Type        Size  Object(Section)

    RESET                                    0x00000000   Section      192  startup_mini51series.o(RESET)
    ../clib/microlib/division.c              0x00000000   Number         0  uldiv.o ABSOLUTE
    ../clib/microlib/division.c              0x00000000   Number         0  uidiv.o ABSOLUTE
    ../clib/microlib/init/entry.s            0x00000000   Number         0  entry10b.o ABSOLUTE
    ../clib/microlib/init/entry.s            0x00000000   Number         0  entry5.o ABSOLUTE
    ../clib/microlib/init/entry.s            0x00000000   Number         0  entry2.o ABSOLUTE
    ../clib/microlib/init/entry.s            0x00000000   Number         0  entry7b.o ABSOLUTE
    ../clib/microlib/init/entry.s            0x00000000   Number         0  entry11b.o ABSOLUTE
    ../clib/microlib/init/entry.s            0x00000000   Number         0  entry11a.o ABSOLUTE
    ../clib/microlib/init/entry.s            0x00000000   Number         0  entry8a.o ABSOLUTE
    ../clib/microlib/init/entry.s            0x00000000   Number         0  entry7a.o ABSOLUTE
    ../clib/microlib/init/entry.s            0x00000000   Number         0  entry8b.o ABSOLUTE
    ../clib/microlib/init/entry.s            0x00000000   Number         0  entry9a.o ABSOLUTE
    ../clib/microlib/init/entry.s            0x00000000   Number         0  entry9b.o ABSOLUTE
    ../clib/microlib/init/entry.s            0x00000000   Number         0  entry.o ABSOLUTE
    ../clib/microlib/init/entry.s            0x00000000   Number         0  entry10a.o ABSOLUTE
    ../clib/microlib/longlong.c              0x00000000   Number         0  llsshr.o ABSOLUTE
    ../clib/microlib/longlong.c              0x00000000   Number         0  llshl.o ABSOLUTE
    ../clib/microlib/longlong.c              0x00000000   Number         0  llushr.o ABSOLUTE
    ../clib/microlib/printf/printf.c         0x00000000   Number         0  printfb.o ABSOLUTE
    ../clib/microlib/printf/printf.c         0x00000000   Number         0  printf0.o ABSOLUTE
    ../clib/microlib/printf/printf.c         0x00000000   Number         0  printf2.o ABSOLUTE
    ../clib/microlib/printf/printf.c         0x00000000   Number         0  printf3.o ABSOLUTE
    ../clib/microlib/printf/printf.c         0x00000000   Number         0  printf4.o ABSOLUTE
    ../clib/microlib/printf/printf.c         0x00000000   Number         0  printf5.o ABSOLUTE
    ../clib/microlib/printf/printf.c         0x00000000   Number         0  printf6.o ABSOLUTE
    ../clib/microlib/printf/printf.c         0x00000000   Number         0  printf7.o ABSOLUTE
    ../clib/microlib/printf/printf.c         0x00000000   Number         0  printf8.o ABSOLUTE
    ../clib/microlib/printf/printf.c         0x00000000   Number         0  printfa.o ABSOLUTE
    ../clib/microlib/printf/printf.c         0x00000000   Number         0  printf1.o ABSOLUTE
    ../clib/microlib/printf/stubs.s          0x00000000   Number         0  stubs.o ABSOLUTE
    ../clib/microlib/stubs.s                 0x00000000   Number         0  iusefp.o ABSOLUTE
    ../fplib/microlib/fpadd.c                0x00000000   Number         0  dadd.o ABSOLUTE
    ../fplib/microlib/fpdiv.c                0x00000000   Number         0  ddiv.o ABSOLUTE
    ../fplib/microlib/fpdiv.c                0x00000000   Number         0  fdiv.o ABSOLUTE
    ../fplib/microlib/fpepilogue.c           0x00000000   Number         0  depilogue.o ABSOLUTE
    ../fplib/microlib/fpepilogue.c           0x00000000   Number         0  fepilogue.o ABSOLUTE
    ../fplib/microlib/fpfix.c                0x00000000   Number         0  dfixul.o ABSOLUTE
    ../fplib/microlib/fpfix.c                0x00000000   Number         0  ffixui.o ABSOLUTE
    ../fplib/microlib/fpfix.c                0x00000000   Number         0  dfixui.o ABSOLUTE
    ../fplib/microlib/fpflt.c                0x00000000   Number         0  ffltui.o ABSOLUTE
    ../fplib/microlib/fpflt.c                0x00000000   Number         0  dfltui.o ABSOLUTE
    ../fplib/microlib/fpmul.c                0x00000000   Number         0  dmul.o ABSOLUTE
    ../fplib/microlib/fpmul.c                0x00000000   Number         0  fmul.o ABSOLUTE
    CMSIS\\system_Mini51Series.c             0x00000000   Number         0  system_mini51series.o ABSOLUTE
    CMSIS\startup_Mini51Series.s             0x00000000   Number         0  startup_mini51series.o ABSOLUTE
    CMSIS\system_Mini51Series.c              0x00000000   Number         0  system_mini51series.o ABSOLUTE
    StdDriver\\src\\adc.c                    0x00000000   Number         0  adc.o ABSOLUTE
    StdDriver\\src\\clk.c                    0x00000000   Number         0  clk.o ABSOLUTE
    StdDriver\\src\\fmc.c                    0x00000000   Number         0  fmc.o ABSOLUTE
    StdDriver\\src\\gpio.c                   0x00000000   Number         0  gpio.o ABSOLUTE
    StdDriver\\src\\i2c.c                    0x00000000   Number         0  i2c.o ABSOLUTE
    StdDriver\\src\\pwm.c                    0x00000000   Number         0  pwm.o ABSOLUTE
    StdDriver\\src\\retarget.c               0x00000000   Number         0  retarget.o ABSOLUTE
    StdDriver\\src\\spi.c                    0x00000000   Number         0  spi.o ABSOLUTE
    StdDriver\\src\\sys.c                    0x00000000   Number         0  sys.o ABSOLUTE
    StdDriver\\src\\timer.c                  0x00000000   Number         0  timer.o ABSOLUTE
    StdDriver\\src\\uart.c                   0x00000000   Number         0  uart.o ABSOLUTE
    StdDriver\\src\\wdt.c                    0x00000000   Number         0  wdt.o ABSOLUTE
    StdDriver\src\adc.c                      0x00000000   Number         0  adc.o ABSOLUTE
    StdDriver\src\clk.c                      0x00000000   Number         0  clk.o ABSOLUTE
    StdDriver\src\fmc.c                      0x00000000   Number         0  fmc.o ABSOLUTE
    StdDriver\src\gpio.c                     0x00000000   Number         0  gpio.o ABSOLUTE
    StdDriver\src\i2c.c                      0x00000000   Number         0  i2c.o ABSOLUTE
    StdDriver\src\pwm.c                      0x00000000   Number         0  pwm.o ABSOLUTE
    StdDriver\src\retarget.c                 0x00000000   Number         0  retarget.o ABSOLUTE
    StdDriver\src\spi.c                      0x00000000   Number         0  spi.o ABSOLUTE
    StdDriver\src\sys.c                      0x00000000   Number         0  sys.o ABSOLUTE
    StdDriver\src\timer.c                    0x00000000   Number         0  timer.o ABSOLUTE
    StdDriver\src\uart.c                     0x00000000   Number         0  uart.o ABSOLUTE
    StdDriver\src\wdt.c                      0x00000000   Number         0  wdt.o ABSOLUTE
    User\BLDCSensorLess.c                    0x00000000   Number         0  bldcsensorless.o ABSOLUTE
    User\Communication.c                     0x00000000   Number         0  communication.o ABSOLUTE
    User\Error.c                             0x00000000   Number         0  error.o ABSOLUTE
    User\\BLDCSensorLess.c                   0x00000000   Number         0  bldcsensorless.o ABSOLUTE
    User\\Communication.c                    0x00000000   Number         0  communication.o ABSOLUTE
    User\\Error.c                            0x00000000   Number         0  error.o ABSOLUTE
    User\\it.c                               0x00000000   Number         0  it.o ABSOLUTE
    User\\main.c                             0x00000000   Number         0  main.o ABSOLUTE
    User\it.c                                0x00000000   Number         0  it.o ABSOLUTE
    User\main.c                              0x00000000   Number         0  main.o ABSOLUTE
    cdrcmple.s                               0x00000000   Number         0  cdrcmple.o ABSOLUTE
    handlers.s                               0x00000000   Number         0  handlers.o ABSOLUTE
    init.s                                   0x00000000   Number         0  init.o ABSOLUTE
    .ARM.Collect$$$$00000000                 0x000000c0   Section        0  entry.o(.ARM.Collect$$$$00000000)
    .ARM.Collect$$$$00000001                 0x000000c0   Section        4  entry2.o(.ARM.Collect$$$$00000001)
    .ARM.Collect$$$$00000004                 0x000000c4   Section        4  entry5.o(.ARM.Collect$$$$00000004)
    .ARM.Collect$$$$00000008                 0x000000c8   Section        0  entry7b.o(.ARM.Collect$$$$00000008)
    .ARM.Collect$$$$0000000A                 0x000000c8   Section        0  entry8b.o(.ARM.Collect$$$$0000000A)
    .ARM.Collect$$$$0000000B                 0x000000c8   Section        8  entry9a.o(.ARM.Collect$$$$0000000B)
    .ARM.Collect$$$$0000000D                 0x000000d0   Section        0  entry10a.o(.ARM.Collect$$$$0000000D)
    .ARM.Collect$$$$0000000F                 0x000000d0   Section        0  entry11a.o(.ARM.Collect$$$$0000000F)
    .ARM.Collect$$$$00002712                 0x000000d0   Section        4  entry2.o(.ARM.Collect$$$$00002712)
    __lit__00000000                          0x000000d0   Data           4  entry2.o(.ARM.Collect$$$$00002712)
    .text                                    0x000000d4   Section        0  system_mini51series.o(.text)
    .text                                    0x00000124   Section       20  startup_mini51series.o(.text)
    Default_Handler                          0x00000133   Thumb Code     2  startup_mini51series.o(.text)
    .text                                    0x00000138   Section        0  adc.o(.text)
    .text                                    0x00000200   Section        0  clk.o(.text)
    .text                                    0x0000038c   Section        0  gpio.o(.text)
    .text                                    0x000003e8   Section        0  pwm.o(.text)
    .text                                    0x000006f0   Section        0  retarget.o(.text)
    .text                                    0x0000074c   Section        0  spi.o(.text)
    .text                                    0x0000094c   Section        0  sys.o(.text)
    .text                                    0x00000a18   Section        0  uart.o(.text)
    .text                                    0x00000c38   Section        0  main.o(.text)
    NVIC_SetPriority                         0x00000c39   Thumb Code    60  main.o(.text)
    NVIC_EnableIRQ                           0x000011db   Thumb Code    14  main.o(.text)
    .text                                    0x00001224   Section        0  bldcsensorless.o(.text)
    .text                                    0x00001530   Section        0  it.o(.text)
    .text                                    0x00001828   Section        0  error.o(.text)
    .text                                    0x000018e8   Section        0  uidiv.o(.text)
    .text                                    0x00001914   Section        0  dmul.o(.text)
    .text                                    0x000019e4   Section        0  dfltui.o(.text)
    .text                                    0x00001a00   Section        0  dfixui.o(.text)
    .text                                    0x00001a3c   Section        0  llushr.o(.text)
    .text                                    0x00001a5e   Section        0  iusefp.o(.text)
    .text                                    0x00001a5e   Section        0  depilogue.o(.text)
    .text                                    0x00001b1c   Section       36  init.o(.text)
    .text                                    0x00001b40   Section        0  llshl.o(.text)
    i.BLDCRampUp_Manager                     0x00001b60   Section        0  bldcsensorless.o(i.BLDCRampUp_Manager)
    i.PhaseChangedRoutine                    0x00001bfc   Section        0  bldcsensorless.o(i.PhaseChangedRoutine)
    i.__0printf$bare                         0x00001d10   Section        0  printfb.o(i.__0printf$bare)
    i.__ARM_clz                              0x00001d24   Section        0  depilogue.o(i.__ARM_clz)
    i.__ARM_common_switch8                   0x00001d52   Section        0  bldcsensorless.o(i.__ARM_common_switch8)
    i.__scatterload_copy                     0x00001d6c   Section       14  handlers.o(i.__scatterload_copy)
    i.__scatterload_null                     0x00001d7a   Section        2  handlers.o(i.__scatterload_null)
    i.__scatterload_zeroinit                 0x00001d7c   Section       14  handlers.o(i.__scatterload_zeroinit)
    i._printf_core                           0x00001d8a   Section        0  printfb.o(i._printf_core)
    _printf_core                             0x00001d8b   Thumb Code    30  printfb.o(i._printf_core)
    i.setPhaseManually                       0x00001da8   Section        0  bldcsensorless.o(i.setPhaseManually)
    i.stopMotor                              0x00001ddc   Section        0  bldcsensorless.o(i.stopMotor)
    .constdata                               0x00001e3c   Section       32  uart.o(.constdata)
    .constdata                               0x00001e5c   Section       22  main.o(.constdata)
    .constdata                               0x00001e74   Section       52  bldcsensorless.o(.constdata)
    .data                                    0x20000000   Section        8  system_mini51series.o(.data)
    .data                                    0x20000008   Section        4  retarget.o(.data)
    .data                                    0x2000000c   Section       12  main.o(.data)
    .data                                    0x20000018   Section       36  bldcsensorless.o(.data)
    enumMotorState                           0x20000018   Data           1  bldcsensorless.o(.data)
    enumRotateDetectState                    0x20000019   Data           1  bldcsensorless.o(.data)
    iLocateIndex                             0x2000001a   Data           1  bldcsensorless.o(.data)
    iPhaseChangeCNT4Period                   0x2000001b   Data           1  bldcsensorless.o(.data)
    iPhaseChangeCNT4Duty                     0x2000001c   Data           1  bldcsensorless.o(.data)
    iRampUpPeriodMiniCNT                     0x20000020   Data           2  bldcsensorless.o(.data)
    iStateEnterTime                          0x20000024   Data           4  bldcsensorless.o(.data)
    iEnterTimeBeforeWait                     0x20000028   Data           4  bldcsensorless.o(.data)
    iCurrentPHCHG                            0x2000002c   Data           4  bldcsensorless.o(.data)
    iLastPhaseChangeTime                     0x20000030   Data           4  bldcsensorless.o(.data)
    iRotateDetectStartTime                   0x20000034   Data           4  bldcsensorless.o(.data)
    .data                                    0x2000003c   Section        1  bldcsensorless.o(.data)
    .data                                    0x2000003e   Section        2  communication.o(.data)
    .data                                    0x20000040   Section        1  communication.o(.data)
    .data                                    0x20000044   Section       28  it.o(.data)
    iBatteryLowCNT                           0x20000044   Data           2  it.o(.data)
    iTempDeltaZXD                            0x2000004c   Data           4  it.o(.data)
    iHalfPeriod                              0x20000050   Data           4  it.o(.data)
    iADC_ComparatorFlag                      0x20000054   Data           4  it.o(.data)
    iSystemTickTemp                          0x20000058   Data           4  it.o(.data)
    iBatteryLowLastTimeRCD                   0x2000005c   Data           4  it.o(.data)
    .data                                    0x20000060   Section       12  error.o(.data)
    lastErrorType                            0x20000060   Data           1  error.o(.data)
    staLastErrorChangeTime                   0x20000064   Data           4  error.o(.data)
    .bss                                     0x2000006c   Section       36  bldcsensorless.o(.bss)
    STACK                                    0x20000090   Section      512  startup_mini51series.o(STACK)

    Global Symbols

    Symbol Name                              Value     Ov Type        Size  Object(Section)

    BuildAttributes$$THM_ISAv3M$S$PE$A:L22$X:L11$S22$IEEE1$IW$USESV6$~STKCKD$USESV7$~SHL$OTIME$ROPI$EBA8$MICROLIB$REQ8$PRES8$EABIv2 0x00000000   Number         0  anon$$obj.o ABSOLUTE
    __ARM_use_no_argv                        0x00000000   Number         0  main.o ABSOLUTE
    __Vectors                                0x00000000   Data           4  startup_mini51series.o(RESET)
    _printf_a                                0x00000000   Number         0  stubs.o ABSOLUTE
    _printf_c                                0x00000000   Number         0  stubs.o ABSOLUTE
    _printf_charcount                        0x00000000   Number         0  stubs.o ABSOLUTE
    _printf_d                                0x00000000   Number         0  stubs.o ABSOLUTE
    _printf_e                                0x00000000   Number         0  stubs.o ABSOLUTE
    _printf_f                                0x00000000   Number         0  stubs.o ABSOLUTE
    _printf_flags                            0x00000000   Number         0  stubs.o ABSOLUTE
    _printf_fp_dec                           0x00000000   Number         0  stubs.o ABSOLUTE
    _printf_fp_hex                           0x00000000   Number         0  stubs.o ABSOLUTE
    _printf_g                                0x00000000   Number         0  stubs.o ABSOLUTE
    _printf_i                                0x00000000   Number         0  stubs.o ABSOLUTE
    _printf_int_dec                          0x00000000   Number         0  stubs.o ABSOLUTE
    _printf_l                                0x00000000   Number         0  stubs.o ABSOLUTE
    _printf_lc                               0x00000000   Number         0  stubs.o ABSOLUTE
    _printf_ll                               0x00000000   Number         0  stubs.o ABSOLUTE
    _printf_lld                              0x00000000   Number         0  stubs.o ABSOLUTE
    _printf_lli                              0x00000000   Number         0  stubs.o ABSOLUTE
    _printf_llo                              0x00000000   Number         0  stubs.o ABSOLUTE
    _printf_llu                              0x00000000   Number         0  stubs.o ABSOLUTE
    _printf_llx                              0x00000000   Number         0  stubs.o ABSOLUTE
    _printf_longlong_dec                     0x00000000   Number         0  stubs.o ABSOLUTE
    _printf_longlong_hex                     0x00000000   Number         0  stubs.o ABSOLUTE
    _printf_longlong_oct                     0x00000000   Number         0  stubs.o ABSOLUTE
    _printf_ls                               0x00000000   Number         0  stubs.o ABSOLUTE
    _printf_mbtowc                           0x00000000   Number         0  stubs.o ABSOLUTE
    _printf_n                                0x00000000   Number         0  stubs.o ABSOLUTE
    _printf_o                                0x00000000   Number         0  stubs.o ABSOLUTE
    _printf_p                                0x00000000   Number         0  stubs.o ABSOLUTE
    _printf_percent                          0x00000000   Number         0  stubs.o ABSOLUTE
    _printf_pre_padding                      0x00000000   Number         0  stubs.o ABSOLUTE
    _printf_return_value                     0x00000000   Number         0  stubs.o ABSOLUTE
    _printf_s                                0x00000000   Number         0  stubs.o ABSOLUTE
    _printf_sizespec                         0x00000000   Number         0  stubs.o ABSOLUTE
    _printf_str                              0x00000000   Number         0  stubs.o ABSOLUTE
    _printf_truncate_signed                  0x00000000   Number         0  stubs.o ABSOLUTE
    _printf_truncate_unsigned                0x00000000   Number         0  stubs.o ABSOLUTE
    _printf_u                                0x00000000   Number         0  stubs.o ABSOLUTE
    _printf_wc                               0x00000000   Number         0  stubs.o ABSOLUTE
    _printf_wctomb                           0x00000000   Number         0  stubs.o ABSOLUTE
    _printf_widthprec                        0x00000000   Number         0  stubs.o ABSOLUTE
    _printf_x                                0x00000000   Number         0  stubs.o ABSOLUTE
    __cpp_initialize__aeabi_                  - Undefined Weak Reference
    __cxa_finalize                            - Undefined Weak Reference
    __decompress                              - Undefined Weak Reference
    _clock_init                               - Undefined Weak Reference
    _microlib_exit                            - Undefined Weak Reference
    __main                                   0x000000c1   Thumb Code     0  entry.o(.ARM.Collect$$$$00000000)
    _main_stk                                0x000000c1   Thumb Code     0  entry2.o(.ARM.Collect$$$$00000001)
    _main_scatterload                        0x000000c5   Thumb Code     0  entry5.o(.ARM.Collect$$$$00000004)
    __main_after_scatterload                 0x000000c9   Thumb Code     0  entry5.o(.ARM.Collect$$$$00000004)
    _main_clock                              0x000000c9   Thumb Code     0  entry7b.o(.ARM.Collect$$$$00000008)
    _main_cpp_init                           0x000000c9   Thumb Code     0  entry8b.o(.ARM.Collect$$$$0000000A)
    _main_init                               0x000000c9   Thumb Code     0  entry9a.o(.ARM.Collect$$$$0000000B)
    __rt_final_cpp                           0x000000d1   Thumb Code     0  entry10a.o(.ARM.Collect$$$$0000000D)
    __rt_final_exit                          0x000000d1   Thumb Code     0  entry11a.o(.ARM.Collect$$$$0000000F)
    SystemCoreClockUpdate                    0x000000d5   Thumb Code    56  system_mini51series.o(.text)
    Reset_Handler                            0x00000125   Thumb Code     4  startup_mini51series.o(.text)
    NMI_Handler                              0x00000129   Thumb Code     2  startup_mini51series.o(.text)
    HardFault_Handler                        0x0000012b   Thumb Code     2  startup_mini51series.o(.text)
    SVC_Handler                              0x0000012d   Thumb Code     2  startup_mini51series.o(.text)
    PendSV_Handler                           0x0000012f   Thumb Code     2  startup_mini51series.o(.text)
    BOD_IRQHandler                           0x00000133   Thumb Code     0  startup_mini51series.o(.text)
    EINT0_IRQHandler                         0x00000133   Thumb Code     0  startup_mini51series.o(.text)
    EINT1_IRQHandler                         0x00000133   Thumb Code     0  startup_mini51series.o(.text)
    FB_IRQHandler                            0x00000133   Thumb Code     0  startup_mini51series.o(.text)
    GPIO01_IRQHandler                        0x00000133   Thumb Code     0  startup_mini51series.o(.text)
    GPIO234_IRQHandler                       0x00000133   Thumb Code     0  startup_mini51series.o(.text)
    GPIO5_IRQHandler                         0x00000133   Thumb Code     0  startup_mini51series.o(.text)
    HIRC_IRQHandler                          0x00000133   Thumb Code     0  startup_mini51series.o(.text)
    I2C_IRQHandler                           0x00000133   Thumb Code     0  startup_mini51series.o(.text)
    PDWU_IRQHandler                          0x00000133   Thumb Code     0  startup_mini51series.o(.text)
    PWM_IRQHandler                           0x00000133   Thumb Code     0  startup_mini51series.o(.text)
    UART_IRQHandler                          0x00000133   Thumb Code     0  startup_mini51series.o(.text)
    WDT_IRQHandler                           0x00000133   Thumb Code     0  startup_mini51series.o(.text)
    ADC_Open                                 0x00000139   Thumb Code    18  adc.o(.text)
    ADC_Close                                0x0000014b   Thumb Code    22  adc.o(.text)
    ADC_EnableHWTrigger                      0x00000161   Thumb Code    50  adc.o(.text)
    ADC_DisableHWTrigger                     0x00000193   Thumb Code    14  adc.o(.text)
    ADC_SetExtraSampleTime                   0x000001a1   Thumb Code    14  adc.o(.text)
    ADC_EnableInt                            0x000001af   Thumb Code    38  adc.o(.text)
    ADC_DisableInt                           0x000001d5   Thumb Code    38  adc.o(.text)
    CLK_DisableCKO                           0x00000201   Thumb Code    12  clk.o(.text)
    CLK_EnableCKO                            0x0000020d   Thumb Code    32  clk.o(.text)
    CLK_PowerDown                            0x0000022d   Thumb Code    20  clk.o(.text)
    CLK_Idle                                 0x00000241   Thumb Code    14  clk.o(.text)
    CLK_GetHXTFreq                           0x0000024f   Thumb Code    12  clk.o(.text)
    CLK_GetLXTFreq                           0x0000025b   Thumb Code    18  clk.o(.text)
    CLK_GetHCLKFreq                          0x0000026d   Thumb Code    12  clk.o(.text)
    CLK_GetCPUFreq                           0x00000279   Thumb Code    12  clk.o(.text)
    CLK_SetHCLK                              0x00000285   Thumb Code    24  clk.o(.text)
    CLK_SetModuleClock                       0x0000029d   Thumb Code    76  clk.o(.text)
    CLK_SetSysTickClockSrc                   0x000002e9   Thumb Code    14  clk.o(.text)
    CLK_EnableXtalRC                         0x000002f7   Thumb Code    10  clk.o(.text)
    CLK_DisableXtalRC                        0x00000301   Thumb Code    10  clk.o(.text)
    CLK_EnableModuleClock                    0x0000030b   Thumb Code    24  clk.o(.text)
    CLK_DisableModuleClock                   0x00000323   Thumb Code    24  clk.o(.text)
    CLK_SysTickDelay                         0x0000033b   Thumb Code    26  clk.o(.text)
    CLK_WaitClockReady                       0x00000355   Thumb Code    30  clk.o(.text)
    GPIO_SetMode                             0x0000038d   Thumb Code    40  gpio.o(.text)
    GPIO_EnableInt                           0x000003b5   Thumb Code    26  gpio.o(.text)
    GPIO_DisableInt                          0x000003cf   Thumb Code    22  gpio.o(.text)
    PWM_ConfigOutputChannel                  0x000003e9   Thumb Code   216  pwm.o(.text)
    PWM_Start                                0x000004c1   Thumb Code    40  pwm.o(.text)
    PWM_Stop                                 0x000004e9   Thumb Code    32  pwm.o(.text)
    PWM_ForceStop                            0x00000509   Thumb Code    40  pwm.o(.text)
    PWM_EnableADCTrigger                     0x00000531   Thumb Code    44  pwm.o(.text)
    PWM_DisableADCTrigger                    0x0000055d   Thumb Code    34  pwm.o(.text)
    PWM_ClearADCTriggerFlag                  0x0000057f   Thumb Code    32  pwm.o(.text)
    PWM_GetADCTriggerFlag                    0x0000059f   Thumb Code    26  pwm.o(.text)
    PWM_EnableFaultBreak                     0x000005b9   Thumb Code    12  pwm.o(.text)
    PWM_ClearFaultBreakFlag                  0x000005c5   Thumb Code    10  pwm.o(.text)
    PWM_EnableOutput                         0x000005cf   Thumb Code    12  pwm.o(.text)
    PWM_DisableOutput                        0x000005db   Thumb Code    12  pwm.o(.text)
    PWM_EnableDeadZone                       0x000005e7   Thumb Code    38  pwm.o(.text)
    PWM_DisableDeadZone                      0x0000060d   Thumb Code    16  pwm.o(.text)
    PWM_EnableDutyInt                        0x0000061d   Thumb Code    16  pwm.o(.text)
    PWM_DisableDutyInt                       0x0000062d   Thumb Code    16  pwm.o(.text)
    PWM_ClearDutyIntFlag                     0x0000063d   Thumb Code    16  pwm.o(.text)
    PWM_GetDutyIntFlag                       0x0000064d   Thumb Code    20  pwm.o(.text)
    PWM_EnableFaultBreakInt                  0x00000661   Thumb Code    16  pwm.o(.text)
    PWM_DisableFaultBreakInt                 0x00000671   Thumb Code    16  pwm.o(.text)
    PWM_ClearFaultBreakIntFlag               0x00000681   Thumb Code     8  pwm.o(.text)
    PWM_GetFaultBreakIntFlag                 0x00000689   Thumb Code    14  pwm.o(.text)
    PWM_EnablePeriodInt                      0x00000697   Thumb Code    26  pwm.o(.text)
    PWM_DisablePeriodInt                     0x000006b1   Thumb Code    16  pwm.o(.text)
    PWM_ClearPeriodIntFlag                   0x000006c1   Thumb Code    16  pwm.o(.text)
    PWM_GetPeriodIntFlag                     0x000006d1   Thumb Code    18  pwm.o(.text)
    SendChar_ToUART                          0x000006f1   Thumb Code    26  retarget.o(.text)
    SendChar                                 0x0000070b   Thumb Code     2  retarget.o(.text)
    GetChar                                  0x0000070d   Thumb Code    14  retarget.o(.text)
    kbhit                                    0x0000071b   Thumb Code    12  retarget.o(.text)
    IsDebugFifoEmpty                         0x00000727   Thumb Code    10  retarget.o(.text)
    _ttywrch                                 0x00000731   Thumb Code     2  retarget.o(.text)
    fputc                                    0x00000733   Thumb Code    12  retarget.o(.text)
    fgetc                                    0x0000073f   Thumb Code     2  retarget.o(.text)
    ferror                                   0x00000741   Thumb Code     6  retarget.o(.text)
    SPI_Open                                 0x0000074d   Thumb Code    94  spi.o(.text)
    SPI_Close                                0x000007ab   Thumb Code    30  spi.o(.text)
    SPI_ClearRxFIFO                          0x000007c9   Thumb Code    10  spi.o(.text)
    SPI_ClearTxFIFO                          0x000007d3   Thumb Code    10  spi.o(.text)
    SPI_DisableAutoSS                        0x000007dd   Thumb Code    10  spi.o(.text)
    SPI_EnableAutoSS                         0x000007e7   Thumb Code    14  spi.o(.text)
    SPI_SetBusClock                          0x000007f5   Thumb Code    68  spi.o(.text)
    SPI_EnableFIFO                           0x00000839   Thumb Code    32  spi.o(.text)
    SPI_DisableFIFO                          0x00000859   Thumb Code    12  spi.o(.text)
    SPI_GetBusClock                          0x00000865   Thumb Code    22  spi.o(.text)
    SPI_EnableInt                            0x0000087b   Thumb Code    98  spi.o(.text)
    SPI_DisableInt                           0x000008dd   Thumb Code    98  spi.o(.text)
    SYS_ClearResetSrc                        0x0000094d   Thumb Code    12  sys.o(.text)
    SYS_GetBODStatus                         0x00000959   Thumb Code    12  sys.o(.text)
    SYS_GetResetSrc                          0x00000965   Thumb Code     8  sys.o(.text)
    SYS_IsRegLocked                          0x0000096d   Thumb Code    10  sys.o(.text)
    SYS_LockReg                              0x00000977   Thumb Code     8  sys.o(.text)
    SYS_UnlockReg                            0x0000097f   Thumb Code    26  sys.o(.text)
    SYS_ReadPDID                             0x00000999   Thumb Code     8  sys.o(.text)
    SYS_ResetChip                            0x000009a1   Thumb Code    14  sys.o(.text)
    SYS_ResetCPU                             0x000009af   Thumb Code    14  sys.o(.text)
    SYS_ResetModule                          0x000009bd   Thumb Code    28  sys.o(.text)
    SYS_EnableBOD                            0x000009d9   Thumb Code    36  sys.o(.text)
    SYS_DisableBOD                           0x000009fd   Thumb Code    22  sys.o(.text)
    UART_ClearIntFlag                        0x00000a19   Thumb Code    58  uart.o(.text)
    UART_Close                               0x00000a53   Thumb Code    14  uart.o(.text)
    UART_DisableFlowCtrl                     0x00000a61   Thumb Code    12  uart.o(.text)
    UART_DisableInt                          0x00000a6d   Thumb Code    22  uart.o(.text)
    UART_EnableFlowCtrl                      0x00000a83   Thumb Code    38  uart.o(.text)
    UART_EnableInt                           0x00000aa9   Thumb Code    24  uart.o(.text)
    UART_Open                                0x00000ac1   Thumb Code    86  uart.o(.text)
    UART_ReadBytes                           0x00000b17   Thumb Code    44  uart.o(.text)
    UART_SetLine_Config                      0x00000b43   Thumb Code    94  uart.o(.text)
    UART_SetTimeoutCnt                       0x00000ba1   Thumb Code    22  uart.o(.text)
    UART_SelectIrDAMode                      0x00000bb7   Thumb Code    40  uart.o(.text)
    UART_SelectRS485Mode                     0x00000bdf   Thumb Code    20  uart.o(.text)
    UART_WriteBytes                          0x00000bf3   Thumb Code    44  uart.o(.text)
    CLK_Init                                 0x00000c75   Thumb Code   190  main.o(.text)
    IRQ_Init                                 0x00000d33   Thumb Code    98  main.o(.text)
    GPIO_Init                                0x00000d95   Thumb Code   372  main.o(.text)
    TIM_Config                               0x00000f09   Thumb Code    12  main.o(.text)
    ADC_Config                               0x00000f15   Thumb Code    74  main.o(.text)
    SPI_Config                               0x00000f5f   Thumb Code    58  main.o(.text)
    PWM_Init                                 0x00000f99   Thumb Code   330  main.o(.text)
    SYS_Init                                 0x000010e3   Thumb Code    66  main.o(.text)
    main                                     0x00001125   Thumb Code   182  main.o(.text)
    checkMotor                               0x00001225   Thumb Code     2  bldcsensorless.o(.text)
    canMotorContinueRunning                  0x00001227   Thumb Code     4  bldcsensorless.o(.text)
    BLDCSpeedManager                         0x0000122b   Thumb Code   116  bldcsensorless.o(.text)
    BLDCLocatingManager                      0x0000129f   Thumb Code   124  bldcsensorless.o(.text)
    BLDCSensorLessManager                    0x0000131b   Thumb Code   484  bldcsensorless.o(.text)
    TMR0_IRQHandler                          0x00001531   Thumb Code    78  it.o(.text)
    DetectdTimeWhenPWMHigh                   0x0000157f   Thumb Code    64  it.o(.text)
    PhaseZXDedHandler                        0x000015bf   Thumb Code   108  it.o(.text)
    TMR1_IRQHandler                          0x0000162b   Thumb Code    96  it.o(.text)
    ACMP_IRQHandler                          0x0000168b   Thumb Code    58  it.o(.text)
    ADC_IRQHandler                           0x000016c5   Thumb Code   244  it.o(.text)
    SPI_IRQHandler                           0x000017b9   Thumb Code    34  it.o(.text)
    SysTick_Handler                          0x000017db   Thumb Code    10  it.o(.text)
    clearError                               0x00001829   Thumb Code    20  error.o(.text)
    setError                                 0x0000183d   Thumb Code    26  error.o(.text)
    getPrecedenceError                       0x00001857   Thumb Code    28  error.o(.text)
    LEDBlinkHandler                          0x00001873   Thumb Code    68  error.o(.text)
    ErrorManager                             0x000018b7   Thumb Code    36  error.o(.text)
    __aeabi_uidiv                            0x000018e9   Thumb Code     0  uidiv.o(.text)
    __aeabi_uidivmod                         0x000018e9   Thumb Code    44  uidiv.o(.text)
    __aeabi_dmul                             0x00001915   Thumb Code   202  dmul.o(.text)
    __aeabi_ui2d                             0x000019e5   Thumb Code    24  dfltui.o(.text)
    __aeabi_d2uiz                            0x00001a01   Thumb Code    50  dfixui.o(.text)
    __aeabi_llsr                             0x00001a3d   Thumb Code    34  llushr.o(.text)
    _ll_ushift_r                             0x00001a3d   Thumb Code     0  llushr.o(.text)
    __I$use$fp                               0x00001a5f   Thumb Code     0  iusefp.o(.text)
    _double_round                            0x00001a5f   Thumb Code    26  depilogue.o(.text)
    _double_epilogue                         0x00001a79   Thumb Code   164  depilogue.o(.text)
    __scatterload                            0x00001b1d   Thumb Code    28  init.o(.text)
    __scatterload_rt2                        0x00001b1d   Thumb Code     0  init.o(.text)
    __aeabi_llsl                             0x00001b41   Thumb Code    32  llshl.o(.text)
    _ll_shift_l                              0x00001b41   Thumb Code     0  llshl.o(.text)
    BLDCRampUp_Manager                       0x00001b61   Thumb Code   122  bldcsensorless.o(i.BLDCRampUp_Manager)
    PhaseChangedRoutine                      0x00001bfd   Thumb Code   248  bldcsensorless.o(i.PhaseChangedRoutine)
    __0printf$bare                           0x00001d11   Thumb Code    12  printfb.o(i.__0printf$bare)
    __1printf$bare                           0x00001d11   Thumb Code     0  printfb.o(i.__0printf$bare)
    __2printf                                0x00001d11   Thumb Code     0  printfb.o(i.__0printf$bare)
    __ARM_clz                                0x00001d25   Thumb Code    46  depilogue.o(i.__ARM_clz)
    __ARM_common_switch8                     0x00001d53   Thumb Code    26  bldcsensorless.o(i.__ARM_common_switch8)
    __scatterload_copy                       0x00001d6d   Thumb Code    14  handlers.o(i.__scatterload_copy)
    __scatterload_null                       0x00001d7b   Thumb Code     2  handlers.o(i.__scatterload_null)
    __scatterload_zeroinit                   0x00001d7d   Thumb Code    14  handlers.o(i.__scatterload_zeroinit)
    setPhaseManually                         0x00001da9   Thumb Code    38  bldcsensorless.o(i.setPhaseManually)
    stopMotor                                0x00001ddd   Thumb Code    76  bldcsensorless.o(i.stopMotor)
    iTestSpeedSequence                       0x00001e5c   Data          22  main.o(.constdata)
    iLocatePhaseSequencyTable                0x00001e74   Data           4  bldcsensorless.o(.constdata)
    PHASE_TAB_CLOCKWISE                      0x00001e78   Data          24  bldcsensorless.o(.constdata)
    PHASE_TAB_ANTICLOCKWISE                  0x00001e90   Data          24  bldcsensorless.o(.constdata)
    Region$$Table$$Base                      0x00001ea8   Number         0  anon$$obj.o(Region$$Table)
    Region$$Table$$Limit                     0x00001ec8   Number         0  anon$$obj.o(Region$$Table)
    SystemCoreClock                          0x20000000   Data           4  system_mini51series.o(.data)
    CyclesPerUs                              0x20000004   Data           4  system_mini51series.o(.data)
    __stdout                                 0x20000008   Data           4  retarget.o(.data)
    iTestSpeedSequenIndex                    0x2000000c   Data           1  main.o(.data)
    iTestSpeedLastTime                       0x20000010   Data           4  main.o(.data)
    iSystemTick                              0x20000014   Data           4  main.o(.data)
    iCurrentPhase                            0x2000001d   Data           1  bldcsensorless.o(.data)
    FLAG_PHASE_CHANGED                       0x2000001e   Data           1  bldcsensorless.o(.data)
    iLastZXDetectedTime                      0x20000038   Data           4  bldcsensorless.o(.data)
    FLAG_TIM1_USEAGE                         0x2000003c   Data           1  bldcsensorless.o(.data)
    iSPI_ReadData                            0x2000003e   Data           2  communication.o(.data)
    enumRegister                             0x20000040   Data           1  communication.o(.data)
    iZXMatchCNT                              0x20000048   Data           4  it.o(.data)
    iErrorMaster                             0x20000068   Data           4  error.o(.data)
    mMotor                                   0x2000006c   Data          36  bldcsensorless.o(.bss)
    __initial_sp                             0x20000290   Data           0  startup_mini51series.o(STACK)



==============================================================================

Memory Map of the image

  Image Entry point : 0x00000125

  Load Region LR_1 (Base: 0x00000000, Size: 0x00001f34, Max: 0xffffffff, ABSOLUTE)

    Execution Region ER_RO (Base: 0x00000000, Size: 0x00001ec8, Max: 0xffffffff, ABSOLUTE)

    Base Addr    Size         Type   Attr      Idx    E Section Name        Object

    0x00000000   0x000000c0   Data   RO           81    RESET               startup_mini51series.o
    0x000000c0   0x00000000   Code   RO          602  * .ARM.Collect$$$$00000000  mc_p.l(entry.o)
    0x000000c0   0x00000004   Code   RO          880    .ARM.Collect$$$$00000001  mc_p.l(entry2.o)
    0x000000c4   0x00000004   Code   RO          883    .ARM.Collect$$$$00000004  mc_p.l(entry5.o)
    0x000000c8   0x00000000   Code   RO          885    .ARM.Collect$$$$00000008  mc_p.l(entry7b.o)
    0x000000c8   0x00000000   Code   RO          887    .ARM.Collect$$$$0000000A  mc_p.l(entry8b.o)
    0x000000c8   0x00000008   Code   RO          888    .ARM.Collect$$$$0000000B  mc_p.l(entry9a.o)
    0x000000d0   0x00000000   Code   RO          890    .ARM.Collect$$$$0000000D  mc_p.l(entry10a.o)
    0x000000d0   0x00000000   Code   RO          892    .ARM.Collect$$$$0000000F  mc_p.l(entry11a.o)
    0x000000d0   0x00000004   Code   RO          881    .ARM.Collect$$$$00002712  mc_p.l(entry2.o)
    0x000000d4   0x00000050   Code   RO            3    .text               system_mini51series.o
    0x00000124   0x00000014   Code   RO           82  * .text               startup_mini51series.o
    0x00000138   0x000000c8   Code   RO           88    .text               adc.o
    0x00000200   0x0000018c   Code   RO          131    .text               clk.o
    0x0000038c   0x0000005c   Code   RO          195    .text               gpio.o
    0x000003e8   0x00000308   Code   RO          254    .text               pwm.o
    0x000006f0   0x0000005c   Code   RO          274    .text               retarget.o
    0x0000074c   0x00000200   Code   RO          303    .text               spi.o
    0x0000094c   0x000000cc   Code   RO          323    .text               sys.o
    0x00000a18   0x00000220   Code   RO          363    .text               uart.o
    0x00000c38   0x000005ec   Code   RO          407    .text               main.o
    0x00001224   0x0000030c   Code   RO          456    .text               bldcsensorless.o
    0x00001530   0x000002f8   Code   RO          548    .text               it.o
    0x00001828   0x000000c0   Code   RO          577    .text               error.o
    0x000018e8   0x0000002c   Code   RO          603    .text               mc_p.l(uidiv.o)
    0x00001914   0x000000d0   Code   RO          870    .text               mf_p.l(dmul.o)
    0x000019e4   0x0000001c   Code   RO          874    .text               mf_p.l(dfltui.o)
    0x00001a00   0x0000003c   Code   RO          878    .text               mf_p.l(dfixui.o)
    0x00001a3c   0x00000022   Code   RO          896    .text               mc_p.l(llushr.o)
    0x00001a5e   0x00000000   Code   RO          898    .text               mc_p.l(iusefp.o)
    0x00001a5e   0x000000be   Code   RO          901    .text               mf_p.l(depilogue.o)
    0x00001b1c   0x00000024   Code   RO          913    .text               mc_p.l(init.o)
    0x00001b40   0x00000020   Code   RO          915    .text               mc_p.l(llshl.o)
    0x00001b60   0x0000009c   Code   RO          495    i.BLDCRampUp_Manager  bldcsensorless.o
    0x00001bfc   0x00000114   Code   RO          477    i.PhaseChangedRoutine  bldcsensorless.o
    0x00001d10   0x00000014   Code   RO          606    i.__0printf$bare    mc_p.l(printfb.o)
    0x00001d24   0x0000002e   Code   RO          903    i.__ARM_clz         mf_p.l(depilogue.o)
    0x00001d52   0x0000001a   Code   RO          501    i.__ARM_common_switch8  bldcsensorless.o
    0x00001d6c   0x0000000e   Code   RO          921    i.__scatterload_copy  mc_p.l(handlers.o)
    0x00001d7a   0x00000002   Code   RO          922    i.__scatterload_null  mc_p.l(handlers.o)
    0x00001d7c   0x0000000e   Code   RO          923    i.__scatterload_zeroinit  mc_p.l(handlers.o)
    0x00001d8a   0x0000001e   Code   RO          613    i._printf_core      mc_p.l(printfb.o)
    0x00001da8   0x00000034   Code   RO          489    i.setPhaseManually  bldcsensorless.o
    0x00001ddc   0x00000060   Code   RO          483    i.stopMotor         bldcsensorless.o
    0x00001e3c   0x00000020   Data   RO          364    .constdata          uart.o
    0x00001e5c   0x00000016   Data   RO          408    .constdata          main.o
    0x00001e72   0x00000002   PAD
    0x00001e74   0x00000034   Data   RO          458    .constdata          bldcsensorless.o
    0x00001ea8   0x00000020   Data   RO          919    Region$$Table       anon$$obj.o


    Execution Region ER_RW (Base: 0x20000000, Size: 0x0000006c, Max: 0xffffffff, ABSOLUTE)

    Base Addr    Size         Type   Attr      Idx    E Section Name        Object

    0x20000000   0x00000008   Data   RW            4    .data               system_mini51series.o
    0x20000008   0x00000004   Data   RW          275    .data               retarget.o
    0x2000000c   0x0000000c   Data   RW          409    .data               main.o
    0x20000018   0x00000024   Data   RW          459    .data               bldcsensorless.o
    0x2000003c   0x00000001   Data   RW          460    .data               bldcsensorless.o
    0x2000003d   0x00000001   PAD
    0x2000003e   0x00000002   Data   RW          520    .data               communication.o
    0x20000040   0x00000001   Data   RW          522    .data               communication.o
    0x20000041   0x00000003   PAD
    0x20000044   0x0000001c   Data   RW          549    .data               it.o
    0x20000060   0x0000000c   Data   RW          578    .data               error.o


    Execution Region ER_ZI (Base: 0x2000006c, Size: 0x00000224, Max: 0xffffffff, ABSOLUTE)

    Base Addr    Size         Type   Attr      Idx    E Section Name        Object

    0x2000006c   0x00000024   Zero   RW          457    .bss                bldcsensorless.o
    0x20000090   0x00000200   Zero   RW           79    STACK               startup_mini51series.o


==============================================================================

Image component sizes


      Code (inc. data)   RO Data    RW Data    ZI Data      Debug   Object Name

       200          6          0          0          0      55274   adc.o
      1386        156         52         37         36      14035   bldcsensorless.o
       396         26          0          0          0       3385   clk.o
         0          0          0          3          0        970   communication.o
       192         14          0         12          0       2007   error.o
         0          0          0          0          0      53176   fmc.o
        92          4          0          0          0      54466   gpio.o
       760         68          0         28          0       5463   it.o
      1516        200         22         12          0      12018   main.o
       776         14          0          0          0       7250   pwm.o
        92          6          0          4          0       3542   retarget.o
       512         14          0          0          0       3576   spi.o
        20          4        192          0        512        600   startup_mini51series.o
       204          6          0          0          0       2000   sys.o
        80         24          0          8          0       5370   system_mini51series.o
       544         26         32          0          0      10200   uart.o

    ----------------------------------------------------------------------
      6770        568        332        108        548     233332   Object Totals
         0          0         32          0          0          0   (incl. Generated)
         0          0          2          4          0          0   (incl. Padding)

    ----------------------------------------------------------------------

      Code (inc. data)   RO Data    RW Data    ZI Data      Debug   Library Member Name

         0          0          0          0          0          0   entry.o
         0          0          0          0          0          0   entry10a.o
         0          0          0          0          0          0   entry11a.o
         8          4          0          0          0          0   entry2.o
         4          0          0          0          0          0   entry5.o
         0          0          0          0          0          0   entry7b.o
         0          0          0          0          0          0   entry8b.o
         8          4          0          0          0          0   entry9a.o
        30          0          0          0          0          0   handlers.o
        36          8          0          0          0         68   init.o
         0          0          0          0          0          0   iusefp.o
        32          0          0          0          0         68   llshl.o
        34          0          0          0          0         68   llushr.o
        50          8          0          0          0        144   printfb.o
        44          0          0          0          0         72   uidiv.o
       236          0          0          0          0        216   depilogue.o
        60         10          0          0          0         68   dfixui.o
        28          4          0          0          0         68   dfltui.o
       208          6          0          0          0         88   dmul.o

    ----------------------------------------------------------------------
       778         44          0          0          0        860   Library Totals
         0          0          0          0          0          0   (incl. Padding)

    ----------------------------------------------------------------------

      Code (inc. data)   RO Data    RW Data    ZI Data      Debug   Library Name

       246         24          0          0          0        420   mc_p.l
       532         20          0          0          0        440   mf_p.l

    ----------------------------------------------------------------------
       778         44          0          0          0        860   Library Totals

    ----------------------------------------------------------------------

==============================================================================


      Code (inc. data)   RO Data    RW Data    ZI Data      Debug   

      7548        612        332        108        548     232188   Grand Totals
      7548        612        332        108        548     232188   ELF Image Totals
      7548        612        332        108          0          0   ROM Totals

==============================================================================

    Total RO  Size (Code + RO Data)                 7880 (   7.70kB)
    Total RW  Size (RW Data + ZI Data)               656 (   0.64kB)
    Total ROM Size (Code + RO Data + RW Data)       7988 (   7.80kB)

==============================================================================

