<html>
<body>
<pre>
<h1>µVision Build Log</h1>
<h2>Tool Versions:</h2>
IDE-Version: µVision V5.18a
Copyright (C) 2016 ARM Ltd and ARM Germany GmbH. All rights reserved.
License Information: zzz zz, aaa, LIC=EXJWF-6V455-UHI8H-WNTTX-78GHG-NDF7A
 
Tool Versions:
Toolchain:       MDK-ARM Standard  Version: 5.18a
Toolchain Path:  D:\Keil_v5\ARM\ARMCC\Bin
C Compiler:      Armcc.exe V5.06 update 1 (build 61)
Assembler:       Armasm.exe V5.06 update 1 (build 61)
Linker/Locator:  ArmLink.exe V5.06 update 1 (build 61)
Library Manager: ArmAr.exe V5.06 update 1 (build 61)
Hex Converter:   FromElf.exe V5.06 update 1 (build 61)
CPU DLL:         SARMCM3.DLL V5.18a
Dialog DLL:      DARMCM1.DLL V1.12.0.0
Target DLL:      NULink\Nu_Link.dll V1.31
Dialog DLL:      TARMCM1.DLL V1.9.0.0
 
<h2>Project:</h2>
G:\Geek\Projects\Zulolo_F\Force\Code\Zulolo_F_Force\Zulolo_F_Force.uvprojx
Project File Date:  05/21/2016

<h2>Output:</h2>
*** Using Compiler 'V5.06 update 1 (build 61)', folder: 'D:\Keil_v5\ARM\ARMCC\Bin'
Build target 'Template'
creating preprocessor file for adc.c...
creating preprocessor file for clk.c...
creating preprocessor file for fmc.c...
creating preprocessor file for gpio.c...
creating preprocessor file for i2c.c...
creating preprocessor file for pwm.c...
creating preprocessor file for retarget.c...
creating preprocessor file for spi.c...
creating preprocessor file for sys.c...
creating preprocessor file for timer.c...
creating preprocessor file for uart.c...
creating preprocessor file for wdt.c...
creating preprocessor file for main.c...
creating preprocessor file for BLDCSensorLess.c...
creating preprocessor file for Communication.c...
creating preprocessor file for it.c...
creating preprocessor file for Error.c...
creating preprocessor file for Protection.c...
creating preprocessor file for system_Mini51Series.c...
linking...
Program Size: Code=7288 RO-data=308 RW-data=664 ZI-data=552  
FromELF: creating hex file...
After Build - User command #1: fromelf --bin ".\obj\Power.axf" --output ".\obj\Power.bin"
After Build - User command #2: fromelf --text -c ".\obj\Power.axf" --output ".\obj\Power.txt"
".\obj\Power.axf" - 0 Error(s), 0 Warning(s).

<h2>Collection of Component include folders:</h2>
  G:\Geek\Projects\Zulolo_F\Force\Code\Zulolo_F_Force\RTE
  D:\Keil_v5\ARM\PACK\Nuvoton\NuMicro_DFP\1.0.7\Device\Mini51\Include

<h2>Collection of Component Files used:</h2>
Build Time Elapsed:  00:00:02
</pre>
</body>
</html>
