<html>
<body>
<pre>
<h1>µVision Build Log</h1>
<h2>Tool Versions:</h2>
IDE-Version: µVision V5.18a
Copyright (C) 2016 ARM Ltd and ARM Germany GmbH. All rights reserved.
License Information: zzz zz, aaa, LIC=EXJWF-6V455-UHI8H-WNTTX-78GHG-NDF7A
 
Tool Versions:
Toolchain:       MDK-ARM Standard  Version: 5.18a
Toolchain Path:  D:\Keil_v5\ARM\ARMCC\Bin
C Compiler:      Armcc.exe V5.06 update 1 (build 61)
Assembler:       Armasm.exe V5.06 update 1 (build 61)
Linker/Locator:  ArmLink.exe V5.06 update 1 (build 61)
Library Manager: ArmAr.exe V5.06 update 1 (build 61)
Hex Converter:   FromElf.exe V5.06 update 1 (build 61)
CPU DLL:         SARMCM3.DLL V5.18a
Dialog DLL:      DARMCM1.DLL V1.12.0.0
Target DLL:      NULink\Nu_Link.dll V1.31
Dialog DLL:      TARMCM1.DLL V1.9.0.0
 
<h2>Project:</h2>
G:\Geek\Projects\Zulolo_F\Force\Code\Zulolo_F_Force\Zulolo_F_Force.uvprojx
Project File Date:  04/23/2016

<h2>Output:</h2>
*** Using Compiler 'V5.06 update 1 (build 61)', folder: 'D:\Keil_v5\ARM\ARMCC\Bin'
Rebuild target 'Template'
creating preprocessor file for system_Mini51Series.c...
assembling startup_Mini51Series.s...
creating preprocessor file for adc.c...
creating preprocessor file for clk.c...
compiling system_Mini51Series.c...
creating preprocessor file for fmc.c...
compiling adc.c...
creating preprocessor file for gpio.c...
compiling clk.c...
creating preprocessor file for i2c.c...
compiling fmc.c...
creating preprocessor file for pwm.c...
compiling gpio.c...
creating preprocessor file for retarget.c...
compiling i2c.c...
creating preprocessor file for spi.c...
compiling pwm.c...
creating preprocessor file for sys.c...
compiling retarget.c...
creating preprocessor file for timer.c...
compiling spi.c...
creating preprocessor file for uart.c...
compiling sys.c...
creating preprocessor file for wdt.c...
compiling timer.c...
creating preprocessor file for main.c...
compiling uart.c...
creating preprocessor file for BLDCSensorLess.c...
compiling wdt.c...
creating preprocessor file for Communication.c...
compiling main.c...
creating preprocessor file for it.c...
creating preprocessor file for Error.c...
compiling BLDCSensorLess.c...
User\BLDCSensorLess.c(103): warning:  #111-D: statement is unreachable
  	if ((uint32_t)(unSystemTick - unRotateDetectStartTime) > MAX_ALREADY_ROTATING_DETECT_TIME)
User\BLDCSensorLess.c(362): warning:  #186-D: pointless comparison of unsigned integer with zero
  			if ((uint32_t)(unSystemTick - iEnterTimeBeforeWait) >= 
AIT_AFTER_LOCATE_TIME)
User\BLDCSensorLess.c: 2 warnings, 0 errors
compiling Communication.c...
creating preprocessor file for Protection.c...
compiling it.c...
compiling Error.c...
User\Error.c(56): warning:  #188-D: enumerated type mixed with another type
  			return (iVernier + 1);
User\Error.c: 1 warning, 0 errors
compiling Protection.c...
linking...
Program Size: Code=7392 RO-data=820 RW-data=152 ZI-data=552  
After Build - User command #1: fromelf --bin ".\obj\template.axf" --output ".\obj\template.bin"
After Build - User command #2: fromelf --text -c ".\obj\template.axf" --output ".\obj\template.txt"
".\obj\template.axf" - 0 Error(s), 3 Warning(s).

<h2>Collection of Component include folders:</h2>
  G:\Geek\Projects\Zulolo_F\Force\Code\Zulolo_F_Force\RTE
  D:\Keil_v5\ARM\PACK\Nuvoton\NuMicro_DFP\1.0.2\Device\Mini51\Include

<h2>Collection of Component Files used:</h2>
Build Time Elapsed:  00:00:02
</pre>
</body>
</html>
